Archive member included to satisfy reference by file (symbol)

/home/emu/Software/gnat/arm-eabi/lib/gnat/ravenscar-sfp-stm32f4/adalib/libgnarl.a(s-taskin.o)
                              b__train_demo.o (__gl_main_priority)
/home/emu/Software/gnat/arm-eabi/lib/gnat/ravenscar-sfp-stm32f4/adalib/libgnarl.a(s-tpobmu.o)
                              b__train_demo.o (system__tasking__protected_objects__multiprocessors___elabb)
/home/emu/Software/gnat/arm-eabi/lib/gnat/ravenscar-sfp-stm32f4/adalib/libgnarl.a(s-tarest.o)
                              /home/emu/Dropbox/TUM/MA/Sandbox/bareboard/ARM/STMicro/STM32/examples/train/obj/driver.o (system__tasking__restricted__stages__activate_restricted_tasks)
/home/emu/Software/gnat/arm-eabi/lib/gnat/ravenscar-sfp-stm32f4/adalib/libgnarl.a(s-bbthqu.o)
                              /home/emu/Software/gnat/arm-eabi/lib/gnat/ravenscar-sfp-stm32f4/adalib/libgnarl.a(s-taskin.o) (first_thread_table)
/home/emu/Software/gnat/arm-eabi/lib/gnat/ravenscar-sfp-stm32f4/adalib/libgnarl.a(s-bbthre.o)
                              /home/emu/Software/gnat/arm-eabi/lib/gnat/ravenscar-sfp-stm32f4/adalib/libgnarl.a(s-bbthqu.o) (system__bb__threads__get_cpu)
/home/emu/Software/gnat/arm-eabi/lib/gnat/ravenscar-sfp-stm32f4/adalib/libgnarl.a(a-reatim.o)
                              /home/emu/Dropbox/TUM/MA/Sandbox/bareboard/ARM/STMicro/STM32/examples/train/obj/stm32f4-adc.o (ada__real_time__Oadd)
/home/emu/Software/gnat/arm-eabi/lib/gnat/ravenscar-sfp-stm32f4/adalib/libgnarl.a(s-taprob.o)
                              b__train_demo.o (system__tasking__protected_objects___elabb)
/home/emu/Software/gnat/arm-eabi/lib/gnat/ravenscar-sfp-stm32f4/adalib/libgnarl.a(a-retide.o)
                              /home/emu/Dropbox/TUM/MA/Sandbox/bareboard/ARM/STMicro/STM32/examples/train/obj/stm32f4-adc.o (ada__real_time__delays__delay_until)
/home/emu/Software/gnat/arm-eabi/lib/gnat/ravenscar-sfp-stm32f4/adalib/libgnarl.a(s-tasdeb.o)
                              /home/emu/Software/gnat/arm-eabi/lib/gnat/ravenscar-sfp-stm32f4/adalib/libgnarl.a(s-taskin.o) (system__tasking__debug__first_task)
/home/emu/Software/gnat/arm-eabi/lib/gnat/ravenscar-sfp-stm32f4/adalib/libgnarl.a(s-bbbosu.o)
                              /home/emu/Software/gnat/arm-eabi/lib/gnat/ravenscar-sfp-stm32f4/adalib/libgnarl.a(a-reatim.o) (system__bb__board_support__read_clock)
/home/emu/Software/gnat/arm-eabi/lib/gnat/ravenscar-sfp-stm32f4/adalib/libgnarl.a(s-bcprmu.o)
                              /home/emu/Software/gnat/arm-eabi/lib/gnat/ravenscar-sfp-stm32f4/adalib/libgnarl.a(s-tpobmu.o) (system__bb__cpu_primitives__multiprocessors__poke_cpu)
/home/emu/Software/gnat/arm-eabi/lib/gnat/ravenscar-sfp-stm32f4/adalib/libgnarl.a(s-bbprot.o)
                              /home/emu/Software/gnat/arm-eabi/lib/gnat/ravenscar-sfp-stm32f4/adalib/libgnarl.a(s-taskin.o) (system__bb__protection__leave_kernel)
/home/emu/Software/gnat/arm-eabi/lib/gnat/ravenscar-sfp-stm32f4/adalib/libgnarl.a(s-taprop.o)
                              /home/emu/Software/gnat/arm-eabi/lib/gnat/ravenscar-sfp-stm32f4/adalib/libgnarl.a(s-tpobmu.o) (system__task_primitives__operations__get_cpu)
/home/emu/Software/gnat/arm-eabi/lib/gnat/ravenscar-sfp-stm32f4/adalib/libgnarl.a(s-bbinte.o)
                              /home/emu/Software/gnat/arm-eabi/lib/gnat/ravenscar-sfp-stm32f4/adalib/libgnarl.a(s-taprop.o) (system__bb__interrupts__current_interrupt)
/home/emu/Software/gnat/arm-eabi/lib/gnat/ravenscar-sfp-stm32f4/adalib/libgnarl.a(s-bbtime.o)
                              /home/emu/Software/gnat/arm-eabi/lib/gnat/ravenscar-sfp-stm32f4/adalib/libgnarl.a(s-bbthqu.o) (system__bb__time__get_next_timeout)
/home/emu/Software/gnat/arm-eabi/lib/gnat/ravenscar-sfp-stm32f4/adalib/libgnarl.a(s-bbcppr.o)
                              /home/emu/Software/gnat/arm-eabi/lib/gnat/ravenscar-sfp-stm32f4/adalib/libgnarl.a(s-bbthre.o) (system__bb__cpu_primitives__initialize_cpu)
/home/emu/Software/gnat/arm-eabi/lib/gnat/ravenscar-sfp-stm32f4/adalib/libgnarl.a(s-bbtiev.o)
                              /home/emu/Software/gnat/arm-eabi/lib/gnat/ravenscar-sfp-stm32f4/adalib/libgnarl.a(s-bbtime.o) (system__bb__timing_events__execute_expired_timing_events)
/home/emu/Software/gnat/arm-eabi/lib/gnat/ravenscar-sfp-stm32f4/adalib/libgnat.a(handler.o)
                              /home/emu/Software/gnat/arm-eabi/lib/gnat/ravenscar-sfp-stm32f4/adalib/libgnarl.a(s-bbcppr.o) (__vectors)
/home/emu/Software/gnat/arm-eabi/lib/gnat/ravenscar-sfp-stm32f4/adalib/libgnat.a(start-rom.o)
                              (_start_rom)
/home/emu/Software/gnat/arm-eabi/lib/gnat/ravenscar-sfp-stm32f4/adalib/libgnat.a(s-memcom.o)
                              /home/emu/Software/gnat/arm-eabi/lib/gnat/ravenscar-sfp-stm32f4/adalib/libgnarl.a(s-tarest.o) (memcmp)
/home/emu/Software/gnat/arm-eabi/lib/gnat/ravenscar-sfp-stm32f4/adalib/libgnat.a(s-secsta.o)
[...]
Memory Configuration

Name             Origin             Length             Attributes
flash            0x08000000         0x00100000         xr
sram             0x20000000         0x00030000         xrw
*default*        0x00000000         0xffffffff

Linker script and memory map

LOAD train_demo.o
LOAD b__train_demo.o
LOAD /home/emu/Dropbox/TUM/MA/Sandbox/bareboard/ARM/STMicro/STM32/examples/train/obj/stm32f4.o
LOAD /home/emu/Dropbox/TUM/MA/Sandbox/bareboard/ARM/STMicro/STM32/examples/train/obj/bmp_fonts.o
LOAD /home/emu/Dropbox/TUM/MA/Sandbox/bareboard/ARM/STMicro/STM32/examples/train/obj/bitmapped_drawing.o
LOAD /home/emu/Dropbox/TUM/MA/Sandbox/bareboard/ARM/STMicro/STM32/examples/train/obj/stm32f4-adc.o
LOAD /home/emu/Dropbox/TUM/MA/Sandbox/bareboard/ARM/STMicro/STM32/examples/train/obj/stm32f4-dac.o
LOAD /home/emu/Dropbox/TUM/MA/Sandbox/bareboard/ARM/STMicro/STM32/examples/train/obj/stm32f4-dma.o
LOAD /home/emu/Dropbox/TUM/MA/Sandbox/bareboard/ARM/STMicro/STM32/examples/train/obj/stm32f4-exti.o
LOAD /home/emu/Dropbox/TUM/MA/Sandbox/bareboard/ARM/STMicro/STM32/examples/train/obj/stm32f4-fmc.o
LOAD /home/emu/Dropbox/TUM/MA/Sandbox/bareboard/ARM/STMicro/STM32/examples/train/obj/stm32f4-rcc.o
LOAD /home/emu/Dropbox/TUM/MA/Sandbox/bareboard/ARM/STMicro/STM32/examples/train/obj/stm32f4-i2c.o
LOAD /home/emu/Dropbox/TUM/MA/Sandbox/bareboard/ARM/STMicro/STM32/examples/train/obj/stm32f4-spi.o
LOAD /home/emu/Dropbox/TUM/MA/Sandbox/bareboard/ARM/STMicro/STM32/examples/train/obj/stm32f4-ili9341.o
LOAD /home/emu/Dropbox/TUM/MA/Sandbox/bareboard/ARM/STMicro/STM32/examples/train/obj/stm32f4-syscfg.o
LOAD /home/emu/Dropbox/TUM/MA/Sandbox/bareboard/ARM/STMicro/STM32/examples/train/obj/stm32f4-l3gd20.o
LOAD /home/emu/Dropbox/TUM/MA/Sandbox/bareboard/ARM/STMicro/STM32/examples/train/obj/stm32f4-gpio.o
LOAD /home/emu/Dropbox/TUM/MA/Sandbox/bareboard/ARM/STMicro/STM32/examples/train/obj/stm32f4-timers.o
LOAD /home/emu/Dropbox/TUM/MA/Sandbox/bareboard/ARM/STMicro/STM32/examples/train/obj/stm32f4-usarts.o
LOAD /home/emu/Dropbox/TUM/MA/Sandbox/bareboard/ARM/STMicro/STM32/examples/train/obj/stm32f42xxx.o
LOAD /home/emu/Dropbox/TUM/MA/Sandbox/bareboard/ARM/STMicro/STM32/examples/train/obj/stm32f429_discovery.o
LOAD /home/emu/Dropbox/TUM/MA/Sandbox/bareboard/ARM/STMicro/STM32/examples/train/obj/stm32f4-sdram.o
LOAD /home/emu/Dropbox/TUM/MA/Sandbox/bareboard/ARM/STMicro/STM32/examples/train/obj/last_chance_handler-stm32f429xx-sfp.o
LOAD /home/emu/Dropbox/TUM/MA/Sandbox/bareboard/ARM/STMicro/STM32/examples/train/obj/stm32f4-ltdc.o
LOAD /home/emu/Dropbox/TUM/MA/Sandbox/bareboard/ARM/STMicro/STM32/examples/train/obj/drawing.o
LOAD /home/emu/Dropbox/TUM/MA/Sandbox/bareboard/ARM/STMicro/STM32/examples/train/obj/stm32f4-touch_panel.o
LOAD /home/emu/Dropbox/TUM/MA/Sandbox/bareboard/ARM/STMicro/STM32/examples/train/obj/screen_interface.o
LOAD /home/emu/Dropbox/TUM/MA/Sandbox/bareboard/ARM/STMicro/STM32/examples/train/obj/trains.o
LOAD /home/emu/Dropbox/TUM/MA/Sandbox/bareboard/ARM/STMicro/STM32/examples/train/obj/tracks_display.o
LOAD /home/emu/Dropbox/TUM/MA/Sandbox/bareboard/ARM/STMicro/STM32/examples/train/obj/railroad.o
LOAD /home/emu/Dropbox/TUM/MA/Sandbox/bareboard/ARM/STMicro/STM32/examples/train/obj/driver.o
LOAD /home/emu/Software/gnat/arm-eabi/lib/gnat/ravenscar-sfp-stm32f4/adalib/libgnarl.a
LOAD /home/emu/Software/gnat/arm-eabi/lib/gnat/ravenscar-sfp-stm32f4/adalib/libgnat.a
LOAD /home/emu/Software/gnat/arm-eabi/lib/gnat/ravenscar-sfp-stm32f4/adalib//libgnat.a
LOAD /home/emu/Software/gnat/bin/../lib/gcc/arm-eabi/4.9.3/fpu/libgcc.a
                0x00000000                __DYNAMIC = 0x0
                0x00001000                _DEFAULT_STACK_SIZE = 0x1000

.text           0x08000000     0x7918
 *(.vectors)
 .vectors       0x08000000       0x14 /home/emu/Software/gnat/arm-eabi/lib/gnat/ravenscar-sfp-stm32f4/adalib/libgnat.a(start-rom.o)
 *(.text .text.* .gnu.linkonce.t*)
 .text._ada_train_demo
                0x08000014        0x4 train_demo.o
                0x08000014                _ada_train_demo
 .text.adainit  0x08000018      0x1e8 b__train_demo.o
                0x08000018                adainit
 .text.startup.main
                0x08000200       0x1c b__train_demo.o
                0x08000200                main
 .text.stm32f4___elabs
                0x0800021c      0x458 /home/emu/Dropbox/TUM/MA/Sandbox/bareboard/ARM/STMicro/STM32/examples/train/obj/stm32f4.o
                0x0800021c                stm32f4___elabs
 .text.bmp_fonts__mask
                0x08000674       0x40 /home/emu/Dropbox/TUM/MA/Sandbox/bareboard/ARM/STMicro/STM32/examples/train/obj/bmp_fonts.o
                0x08000674                bmp_fonts__mask
 .text.bmp_fonts__data
                0x080006b4       0xb8 /home/emu/Dropbox/TUM/MA/Sandbox/bareboard/ARM/STMicro/STM32/examples/train/obj/bmp_fonts.o
                0x080006b4                bmp_fonts__data
 .text.bmp_fonts__char_height
                0x0800076c       0x24 /home/emu/Dropbox/TUM/MA/Sandbox/bareboard/ARM/STMicro/STM32/examples/train/obj/bmp_fonts.o
                0x0800076c                bmp_fonts__char_height
 .text.bmp_fonts__char_width
                0x08000790       0x24 /home/emu/Dropbox/TUM/MA/Sandbox/bareboard/ARM/STMicro/STM32/examples/train/obj/bmp_fonts.o
                0x08000790                bmp_fonts__char_width
 .text.stm32f4__adc___elabs
                0x080007b4       0x48 /home/emu/Dropbox/TUM/MA/Sandbox/bareboard/ARM/STMicro/STM32/examples/train/obj/stm32f4-adc.o
                0x080007b4                stm32f4__adc___elabs
 .text.stm32f4__exti___elabs
                0x080007fc       0x24 /home/emu/Dropbox/TUM/MA/Sandbox/bareboard/ARM/STMicro/STM32/examples/train/obj/stm32f4-exti.o
                0x080007fc                stm32f4__exti___elabs
 .text.stm32f4__fmc__fmc_sdram_init
                0x08000820      0x11c /home/emu/Dropbox/TUM/MA/Sandbox/bareboard/ARM/STMicro/STM32/examples/train/obj/stm32f4-fmc.o
                0x08000820                stm32f4__fmc__fmc_sdram_init
 .text.stm32f4__fmc__fmc_sdram_cmd
                0x0800093c       0x28 /home/emu/Dropbox/TUM/MA/Sandbox/bareboard/ARM/STMicro/STM32/examples/train/obj/stm32f4-fmc.o
                0x0800093c                stm32f4__fmc__fmc_sdram_cmd
 .text.stm32f4__fmc__fmc_get_flag
                0x08000964       0x40 /home/emu/Dropbox/TUM/MA/Sandbox/bareboard/ARM/STMicro/STM32/examples/train/obj/stm32f4-fmc.o
                0x08000964                stm32f4__fmc__fmc_get_flag
 .text.stm32f4__fmc__fmc_set_refresh_count
                0x080009a4       0x10 /home/emu/Dropbox/TUM/MA/Sandbox/bareboard/ARM/STMicro/STM32/examples/train/obj/stm32f4-fmc.o
                0x080009a4                stm32f4__fmc__fmc_set_refresh_count
 .text.stm32f4__fmc___elabs
                0x080009b4        0x4 /home/emu/Dropbox/TUM/MA/Sandbox/bareboard/ARM/STMicro/STM32/examples/train/obj/stm32f4-fmc.o
                0x080009b4                stm32f4__fmc___elabs
 .text.stm32f4__rcc__system_clock_frequencies
                0x080009b8      0x11c /home/emu/Dropbox/TUM/MA/Sandbox/bareboard/ARM/STMicro/STM32/examples/train/obj/stm32f4-rcc.o
                0x080009b8                stm32f4__rcc__system_clock_frequencies
 .text.stm32f4__rcc__set_pllsai_factors
                0x08000ad4       0x38 /home/emu/Dropbox/TUM/MA/Sandbox/bareboard/ARM/STMicro/STM32/examples/train/obj/stm32f4-rcc.o
                0x08000ad4                stm32f4__rcc__set_pllsai_factors
 .text.stm32f4__rcc__enable_pllsai
                0x08000b0c       0x1c /home/emu/Dropbox/TUM/MA/Sandbox/bareboard/ARM/STMicro/STM32/examples/train/obj/stm32f4-rcc.o
                0x08000b0c                stm32f4__rcc__enable_pllsai
 .text.stm32f4__rcc__gpioa_clock_enable
                0x08000b28       0x14 /home/emu/Dropbox/TUM/MA/Sandbox/bareboard/ARM/STMicro/STM32/examples/train/obj/stm32f4-rcc.o
                0x08000b28                stm32f4__rcc__gpioa_clock_enable
 .text.stm32f4__rcc__gpiob_clock_enable
                0x08000b3c       0x14 /home/emu/Dropbox/TUM/MA/Sandbox/bareboard/ARM/STMicro/STM32/examples/train/obj/stm32f4-rcc.o
                0x08000b3c                stm32f4__rcc__gpiob_clock_enable
 .text.stm32f4__rcc__gpioc_clock_enable
                0x08000b50       0x14 /home/emu/Dropbox/TUM/MA/Sandbox/bareboard/ARM/STMicro/STM32/examples/train/obj/stm32f4-rcc.o
                0x08000b50                stm32f4__rcc__gpioc_clock_enable
 .text.stm32f4__rcc__gpiod_clock_enable
                0x08000b64       0x14 /home/emu/Dropbox/TUM/MA/Sandbox/bareboard/ARM/STMicro/STM32/examples/train/obj/stm32f4-rcc.o
                0x08000b64                stm32f4__rcc__gpiod_clock_enable
 .text.stm32f4__rcc__gpioe_clock_enable
                0x08000b78       0x14 /home/emu/Dropbox/TUM/MA/Sandbox/bareboard/ARM/STMicro/STM32/examples/train/obj/stm32f4-rcc.o
                0x08000b78                stm32f4__rcc__gpioe_clock_enable
 .text.stm32f4__rcc__gpiof_clock_enable
                0x08000b8c       0x14 /home/emu/Dropbox/TUM/MA/Sandbox/bareboard/ARM/STMicro/STM32/examples/train/obj/stm32f4-rcc.o
                0x08000b8c                stm32f4__rcc__gpiof_clock_enable
 .text.stm32f4__rcc__gpiog_clock_enable
                0x08000ba0       0x14 /home/emu/Dropbox/TUM/MA/Sandbox/bareboard/ARM/STMicro/STM32/examples/train/obj/stm32f4-rcc.o
                0x08000ba0                stm32f4__rcc__gpiog_clock_enable
 .text.stm32f4__rcc__gpioh_clock_enable
                0x08000bb4       0x14 /home/emu/Dropbox/TUM/MA/Sandbox/bareboard/ARM/STMicro/STM32/examples/train/obj/stm32f4-rcc.o
                0x08000bb4                stm32f4__rcc__gpioh_clock_enable
 .text.stm32f4__rcc__gpioi_clock_enable
                0x08000bc8       0x14 /home/emu/Dropbox/TUM/MA/Sandbox/bareboard/ARM/STMicro/STM32/examples/train/obj/stm32f4-rcc.o
                0x08000bc8                stm32f4__rcc__gpioi_clock_enable
 .text.stm32f4__rcc__gpioj_clock_enable
                0x08000bdc       0x14 /home/emu/Dropbox/TUM/MA/Sandbox/bareboard/ARM/STMicro/STM32/examples/train/obj/stm32f4-rcc.o
                0x08000bdc                stm32f4__rcc__gpioj_clock_enable
 .text.stm32f4__rcc__gpiok_clock_enable
                0x08000bf0       0x14 /home/emu/Dropbox/TUM/MA/Sandbox/bareboard/ARM/STMicro/STM32/examples/train/obj/stm32f4-rcc.o
                0x08000bf0                stm32f4__rcc__gpiok_clock_enable
 .text.stm32f4__rcc__spi2_clock_enable
                0x08000c04       0x14 /home/emu/Dropbox/TUM/MA/Sandbox/bareboard/ARM/STMicro/STM32/examples/train/obj/stm32f4-rcc.o
                0x08000c04                stm32f4__rcc__spi2_clock_enable
 .text.stm32f4__rcc__spi3_clock_enable
                0x08000c18       0x14 /home/emu/Dropbox/TUM/MA/Sandbox/bareboard/ARM/STMicro/STM32/examples/train/obj/stm32f4-rcc.o
                0x08000c18                stm32f4__rcc__spi3_clock_enable
 .text.stm32f4__rcc__i2c1_clock_enable
                0x08000c2c       0x14 /home/emu/Dropbox/TUM/MA/Sandbox/bareboard/ARM/STMicro/STM32/examples/train/obj/stm32f4-rcc.o
                0x08000c2c                stm32f4__rcc__i2c1_clock_enable
 .text.stm32f4__rcc__i2c2_clock_enable
                0x08000c40       0x14 /home/emu/Dropbox/TUM/MA/Sandbox/bareboard/ARM/STMicro/STM32/examples/train/obj/stm32f4-rcc.o
                0x08000c40                stm32f4__rcc__i2c2_clock_enable
 .text.stm32f4__rcc__i2c3_clock_enable
                0x08000c54       0x14 /home/emu/Dropbox/TUM/MA/Sandbox/bareboard/ARM/STMicro/STM32/examples/train/obj/stm32f4-rcc.o
                0x08000c54                stm32f4__rcc__i2c3_clock_enable
 .text.stm32f4__rcc__spi1_clock_enable
                0x08000c68       0x14 /home/emu/Dropbox/TUM/MA/Sandbox/bareboard/ARM/STMicro/STM32/examples/train/obj/stm32f4-rcc.o
                0x08000c68                stm32f4__rcc__spi1_clock_enable
 .text.stm32f4__rcc__spi4_clock_enable
                0x08000c7c       0x14 /home/emu/Dropbox/TUM/MA/Sandbox/bareboard/ARM/STMicro/STM32/examples/train/obj/stm32f4-rcc.o
                0x08000c7c                stm32f4__rcc__spi4_clock_enable
 .text.stm32f4__rcc__spi5_clock_enable
                0x08000c90       0x14 /home/emu/Dropbox/TUM/MA/Sandbox/bareboard/ARM/STMicro/STM32/examples/train/obj/stm32f4-rcc.o
                0x08000c90                stm32f4__rcc__spi5_clock_enable
 .text.stm32f4__rcc__spi6_clock_enable
                0x08000ca4       0x14 /home/emu/Dropbox/TUM/MA/Sandbox/bareboard/ARM/STMicro/STM32/examples/train/obj/stm32f4-rcc.o
                0x08000ca4                stm32f4__rcc__spi6_clock_enable
 .text.stm32f4__rcc__ltdc_clock_enable
                0x08000cb8       0x14 /home/emu/Dropbox/TUM/MA/Sandbox/bareboard/ARM/STMicro/STM32/examples/train/obj/stm32f4-rcc.o
                0x08000cb8                stm32f4__rcc__ltdc_clock_enable
 .text.stm32f4__rcc__spi2_force_reset
                0x08000ccc       0x14 /home/emu/Dropbox/TUM/MA/Sandbox/bareboard/ARM/STMicro/STM32/examples/train/obj/stm32f4-rcc.o
                0x08000ccc                stm32f4__rcc__spi2_force_reset
 .text.stm32f4__rcc__spi3_force_reset
                0x08000ce0       0x14 /home/emu/Dropbox/TUM/MA/Sandbox/bareboard/ARM/STMicro/STM32/examples/train/obj/stm32f4-rcc.o
                0x08000ce0                stm32f4__rcc__spi3_force_reset
 .text.stm32f4__rcc__i2c1_force_reset
                0x08000cf4       0x14 /home/emu/Dropbox/TUM/MA/Sandbox/bareboard/ARM/STMicro/STM32/examples/train/obj/stm32f4-rcc.o
                0x08000cf4                stm32f4__rcc__i2c1_force_reset
 .text.stm32f4__rcc__i2c2_force_reset
                0x08000d08       0x14 /home/emu/Dropbox/TUM/MA/Sandbox/bareboard/ARM/STMicro/STM32/examples/train/obj/stm32f4-rcc.o
                0x08000d08                stm32f4__rcc__i2c2_force_reset
 .text.stm32f4__rcc__i2c3_force_reset
                0x08000d1c       0x14 /home/emu/Dropbox/TUM/MA/Sandbox/bareboard/ARM/STMicro/STM32/examples/train/obj/stm32f4-rcc.o
                0x08000d1c                stm32f4__rcc__i2c3_force_reset
 .text.stm32f4__rcc__spi2_release_reset
                0x08000d30       0x14 /home/emu/Dropbox/TUM/MA/Sandbox/bareboard/ARM/STMicro/STM32/examples/train/obj/stm32f4-rcc.o
                0x08000d30                stm32f4__rcc__spi2_release_reset
 .text.stm32f4__rcc__spi3_release_reset
                0x08000d44       0x14 /home/emu/Dropbox/TUM/MA/Sandbox/bareboard/ARM/STMicro/STM32/examples/train/obj/stm32f4-rcc.o
                0x08000d44                stm32f4__rcc__spi3_release_reset
 .text.stm32f4__rcc__i2c1_release_reset
                0x08000d58       0x14 /home/emu/Dropbox/TUM/MA/Sandbox/bareboard/ARM/STMicro/STM32/examples/train/obj/stm32f4-rcc.o
                0x08000d58                stm32f4__rcc__i2c1_release_reset
 .text.stm32f4__rcc__i2c2_release_reset
                0x08000d6c       0x14 /home/emu/Dropbox/TUM/MA/Sandbox/bareboard/ARM/STMicro/STM32/examples/train/obj/stm32f4-rcc.o
                0x08000d6c                stm32f4__rcc__i2c2_release_reset
 .text.stm32f4__rcc__i2c3_release_reset
                0x08000d80       0x14 /home/emu/Dropbox/TUM/MA/Sandbox/bareboard/ARM/STMicro/STM32/examples/train/obj/stm32f4-rcc.o
                0x08000d80                stm32f4__rcc__i2c3_release_reset
 .text.stm32f4__rcc__spi1_force_reset
                0x08000d94       0x14 /home/emu/Dropbox/TUM/MA/Sandbox/bareboard/ARM/STMicro/STM32/examples/train/obj/stm32f4-rcc.o
                0x08000d94                stm32f4__rcc__spi1_force_reset
 .text.stm32f4__rcc__spi4_force_reset
                0x08000da8       0x14 /home/emu/Dropbox/TUM/MA/Sandbox/bareboard/ARM/STMicro/STM32/examples/train/obj/stm32f4-rcc.o
                0x08000da8                stm32f4__rcc__spi4_force_reset
 .text.stm32f4__rcc__spi5_force_reset
                0x08000dbc       0x14 /home/emu/Dropbox/TUM/MA/Sandbox/bareboard/ARM/STMicro/STM32/examples/train/obj/stm32f4-rcc.o
                0x08000dbc                stm32f4__rcc__spi5_force_reset
 .text.stm32f4__rcc__spi6_force_reset
                0x08000dd0       0x14 /home/emu/Dropbox/TUM/MA/Sandbox/bareboard/ARM/STMicro/STM32/examples/train/obj/stm32f4-rcc.o
                0x08000dd0                stm32f4__rcc__spi6_force_reset
 .text.stm32f4__rcc__spi1_release_reset
                0x08000de4       0x14 /home/emu/Dropbox/TUM/MA/Sandbox/bareboard/ARM/STMicro/STM32/examples/train/obj/stm32f4-rcc.o
                0x08000de4                stm32f4__rcc__spi1_release_reset
 .text.stm32f4__rcc__spi4_release_reset
                0x08000df8       0x14 /home/emu/Dropbox/TUM/MA/Sandbox/bareboard/ARM/STMicro/STM32/examples/train/obj/stm32f4-rcc.o
                0x08000df8                stm32f4__rcc__spi4_release_reset
 .text.stm32f4__rcc__spi5_release_reset
                0x08000e0c       0x14 /home/emu/Dropbox/TUM/MA/Sandbox/bareboard/ARM/STMicro/STM32/examples/train/obj/stm32f4-rcc.o
                0x08000e0c                stm32f4__rcc__spi5_release_reset
 .text.stm32f4__rcc__spi6_release_reset
                0x08000e20       0x14 /home/emu/Dropbox/TUM/MA/Sandbox/bareboard/ARM/STMicro/STM32/examples/train/obj/stm32f4-rcc.o
                0x08000e20                stm32f4__rcc__spi6_release_reset
 .text.stm32f4__rcc__fsmc_clock_enable
                0x08000e34       0x14 /home/emu/Dropbox/TUM/MA/Sandbox/bareboard/ARM/STMicro/STM32/examples/train/obj/stm32f4-rcc.o
                0x08000e34                stm32f4__rcc__fsmc_clock_enable
 .text.stm32f4__rcc___elabs
                0x08000e48       0x28 /home/emu/Dropbox/TUM/MA/Sandbox/bareboard/ARM/STMicro/STM32/examples/train/obj/stm32f4-rcc.o
                0x08000e48                stm32f4__rcc___elabs
 .text.unlikely.stm32f4__i2c__read_data.part.2
                0x08000e70       0x10 /home/emu/Dropbox/TUM/MA/Sandbox/bareboard/ARM/STMicro/STM32/examples/train/obj/stm32f4-i2c.o
 .text.stm32f4__i2c__configure
                0x08000e80      0x128 /home/emu/Dropbox/TUM/MA/Sandbox/bareboard/ARM/STMicro/STM32/examples/train/obj/stm32f4-i2c.o
                0x08000e80                stm32f4__i2c__configure
 .text.stm32f4__i2c__set_state
                0x08000fa8       0x1c /home/emu/Dropbox/TUM/MA/Sandbox/bareboard/ARM/STMicro/STM32/examples/train/obj/stm32f4-i2c.o
                0x08000fa8                stm32f4__i2c__set_state
 .text.stm32f4__i2c__generate_start
                0x08000fc4       0x1c /home/emu/Dropbox/TUM/MA/Sandbox/bareboard/ARM/STMicro/STM32/examples/train/obj/stm32f4-i2c.o
                0x08000fc4                stm32f4__i2c__generate_start
 .text.stm32f4__i2c__generate_stop
                0x08000fe0       0x1c /home/emu/Dropbox/TUM/MA/Sandbox/bareboard/ARM/STMicro/STM32/examples/train/obj/stm32f4-i2c.o
                0x08000fe0                stm32f4__i2c__generate_stop
 .text.stm32f4__i2c__send_7bit_address
                0x08000ffc       0x14 /home/emu/Dropbox/TUM/MA/Sandbox/bareboard/ARM/STMicro/STM32/examples/train/obj/stm32f4-i2c.o
                0x08000ffc                stm32f4__i2c__send_7bit_address
 .text.stm32f4__i2c__status
                0x08001010       0x38 /home/emu/Dropbox/TUM/MA/Sandbox/bareboard/ARM/STMicro/STM32/examples/train/obj/stm32f4-i2c.o
                0x08001010                stm32f4__i2c__status
 .text.stm32f4__i2c__clear_address_sent_status
                0x08001048       0x24 /home/emu/Dropbox/TUM/MA/Sandbox/bareboard/ARM/STMicro/STM32/examples/train/obj/stm32f4-i2c.o
                0x08001048                stm32f4__i2c__clear_address_sent_status
 .text.stm32f4__i2c__wait_for_state
                0x0800106c       0x58 /home/emu/Dropbox/TUM/MA/Sandbox/bareboard/ARM/STMicro/STM32/examples/train/obj/stm32f4-i2c.o
                0x0800106c                stm32f4__i2c__wait_for_state
 .text.stm32f4__i2c__send_data
                0x080010c4        0x4 /home/emu/Dropbox/TUM/MA/Sandbox/bareboard/ARM/STMicro/STM32/examples/train/obj/stm32f4-i2c.o
                0x080010c4                stm32f4__i2c__send_data
 .text.stm32f4__i2c__read_data
                0x080010c8       0x14 /home/emu/Dropbox/TUM/MA/Sandbox/bareboard/ARM/STMicro/STM32/examples/train/obj/stm32f4-i2c.o
                0x080010c8                stm32f4__i2c__read_data
 .text.stm32f4__i2c__set_ack_config
                0x080010dc       0x1c /home/emu/Dropbox/TUM/MA/Sandbox/bareboard/ARM/STMicro/STM32/examples/train/obj/stm32f4-i2c.o
                0x080010dc                stm32f4__i2c__set_ack_config
 .text.stm32f4__i2c__set_nack_config
                0x080010f8       0x1c /home/emu/Dropbox/TUM/MA/Sandbox/bareboard/ARM/STMicro/STM32/examples/train/obj/stm32f4-i2c.o
                0x080010f8                stm32f4__i2c__set_nack_config
 .text.stm32f4__spi__configure
                0x08001114      0x12c /home/emu/Dropbox/TUM/MA/Sandbox/bareboard/ARM/STMicro/STM32/examples/train/obj/stm32f4-spi.o
                0x08001114                stm32f4__spi__configure
 .text.stm32f4__spi__enable
                0x08001240        0xc /home/emu/Dropbox/TUM/MA/Sandbox/bareboard/ARM/STMicro/STM32/examples/train/obj/stm32f4-spi.o
                0x08001240                stm32f4__spi__enable
 .text.stm32f4__spi__enabled
                0x0800124c        0x8 /home/emu/Dropbox/TUM/MA/Sandbox/bareboard/ARM/STMicro/STM32/examples/train/obj/stm32f4-spi.o
                0x0800124c                stm32f4__spi__enabled
 .text.stm32f4__spi__send
                0x08001254        0x4 /home/emu/Dropbox/TUM/MA/Sandbox/bareboard/ARM/STMicro/STM32/examples/train/obj/stm32f4-spi.o
                0x08001254                stm32f4__spi__send
 .text.stm32f4__spi__tx_is_empty
                0x08001258        0x8 /home/emu/Dropbox/TUM/MA/Sandbox/bareboard/ARM/STMicro/STM32/examples/train/obj/stm32f4-spi.o
                0x08001258                stm32f4__spi__tx_is_empty
 .text.stm32f4__spi__busy
                0x08001260        0x8 /home/emu/Dropbox/TUM/MA/Sandbox/bareboard/ARM/STMicro/STM32/examples/train/obj/stm32f4-spi.o
                0x08001260                stm32f4__spi__busy
 .text.stm32f4__ili9341___elabs
                0x08001268       0x1c /home/emu/Dropbox/TUM/MA/Sandbox/bareboard/ARM/STMicro/STM32/examples/train/obj/stm32f4-ili9341.o
                0x08001268                stm32f4__ili9341___elabs
 .text.stm32f4__syscfg___elabs
                0x08001284       0x24 /home/emu/Dropbox/TUM/MA/Sandbox/bareboard/ARM/STMicro/STM32/examples/train/obj/stm32f4-syscfg.o
                0x08001284                stm32f4__syscfg___elabs
 .text.stm32f4__gpio__gpio_pinRP
                0x080012a8       0xa0 /home/emu/Dropbox/TUM/MA/Sandbox/bareboard/ARM/STMicro/STM32/examples/train/obj/stm32f4-gpio.o
                0x080012a8                stm32f4__gpio__gpio_pinRP
 .text.stm32f4__gpio__set__4
                0x08001348        0x4 /home/emu/Dropbox/TUM/MA/Sandbox/bareboard/ARM/STMicro/STM32/examples/train/obj/stm32f4-gpio.o
                0x08001348                stm32f4__gpio__set__4
 .text.stm32f4__gpio__clear
                0x0800134c        0x4 /home/emu/Dropbox/TUM/MA/Sandbox/bareboard/ARM/STMicro/STM32/examples/train/obj/stm32f4-gpio.o
                0x0800134c                stm32f4__gpio__clear
 .text.stm32f4__gpio__clear__2
                0x08001350       0x2c /home/emu/Dropbox/TUM/MA/Sandbox/bareboard/ARM/STMicro/STM32/examples/train/obj/stm32f4-gpio.o
                0x08001350                stm32f4__gpio__clear__2
 .text.stm32f4__gpio__toggle
                0x0800137c        0xc /home/emu/Dropbox/TUM/MA/Sandbox/bareboard/ARM/STMicro/STM32/examples/train/obj/stm32f4-gpio.o
                0x0800137c                stm32f4__gpio__toggle
 .text.stm32f4__gpio__lock
                0x08001388       0x20 /home/emu/Dropbox/TUM/MA/Sandbox/bareboard/ARM/STMicro/STM32/examples/train/obj/stm32f4-gpio.o
                0x08001388                stm32f4__gpio__lock
 .text.stm32f4__gpio__lock__2
                0x080013a8       0x3c /home/emu/Dropbox/TUM/MA/Sandbox/bareboard/ARM/STMicro/STM32/examples/train/obj/stm32f4-gpio.o
                0x080013a8                stm32f4__gpio__lock__2
 .text.stm32f4__gpio__configure_io__2
                0x080013e4       0xc4 /home/emu/Dropbox/TUM/MA/Sandbox/bareboard/ARM/STMicro/STM32/examples/train/obj/stm32f4-gpio.o
                0x080013e4                stm32f4__gpio__configure_io__2
 .text.stm32f4__gpio__configure_io
                0x080014a8       0x90 /home/emu/Dropbox/TUM/MA/Sandbox/bareboard/ARM/STMicro/STM32/examples/train/obj/stm32f4-gpio.o
                0x080014a8                stm32f4__gpio__configure_io
 .text.stm32f4__gpio__configure_alternate_function
                0x08001538       0x74 /home/emu/Dropbox/TUM/MA/Sandbox/bareboard/ARM/STMicro/STM32/examples/train/obj/stm32f4-gpio.o
                0x08001538                stm32f4__gpio__configure_alternate_function
 .text.stm32f4__gpio__configure_alternate_function__2
                0x080015ac       0x34 /home/emu/Dropbox/TUM/MA/Sandbox/bareboard/ARM/STMicro/STM32/examples/train/obj/stm32f4-gpio.o
                0x080015ac                stm32f4__gpio__configure_alternate_function__2
 .text.stm32f42xxx__enable_clock
                0x080015e0       0xec /home/emu/Dropbox/TUM/MA/Sandbox/bareboard/ARM/STMicro/STM32/examples/train/obj/stm32f42xxx.o
                0x080015e0                stm32f42xxx__enable_clock
 .text.stm32f42xxx__enable_clock__6
                0x080016cc       0x4c /home/emu/Dropbox/TUM/MA/Sandbox/bareboard/ARM/STMicro/STM32/examples/train/obj/stm32f42xxx.o
                0x080016cc                stm32f42xxx__enable_clock__6
 .text.stm32f42xxx__reset__5
                0x08001718       0x58 /home/emu/Dropbox/TUM/MA/Sandbox/bareboard/ARM/STMicro/STM32/examples/train/obj/stm32f42xxx.o
                0x08001718                stm32f42xxx__reset__5
 .text.stm32f42xxx__enable_clock__7
                0x08001770       0xa0 /home/emu/Dropbox/TUM/MA/Sandbox/bareboard/ARM/STMicro/STM32/examples/train/obj/stm32f42xxx.o
                0x08001770                stm32f42xxx__enable_clock__7
 .text.stm32f42xxx__reset__6
                0x08001810       0x88 /home/emu/Dropbox/TUM/MA/Sandbox/bareboard/ARM/STMicro/STM32/examples/train/obj/stm32f42xxx.o
                0x08001810                stm32f42xxx__reset__6
 .text.stm32f42xxx___elabs
                0x08001898      0x5d0 /home/emu/Dropbox/TUM/MA/Sandbox/bareboard/ARM/STMicro/STM32/examples/train/obj/stm32f42xxx.o
                0x08001898                stm32f42xxx___elabs
 .text.stm32f429_discovery__toggle
                0x08001e68       0x10 /home/emu/Dropbox/TUM/MA/Sandbox/bareboard/ARM/STMicro/STM32/examples/train/obj/stm32f429_discovery.o
                0x08001e68                stm32f429_discovery__toggle
 .text.stm32f429_discovery__all_leds_off
                0x08001e78       0x1c /home/emu/Dropbox/TUM/MA/Sandbox/bareboard/ARM/STMicro/STM32/examples/train/obj/stm32f429_discovery.o
                0x08001e78                stm32f429_discovery__all_leds_off
 .text.stm32f429_discovery__initialize_leds
                0x08001e94       0x40 /home/emu/Dropbox/TUM/MA/Sandbox/bareboard/ARM/STMicro/STM32/examples/train/obj/stm32f429_discovery.o
                0x08001e94                stm32f429_discovery__initialize_leds
 .text.stm32f429_discovery___elabs
                0x08001ed4      0x5e0 /home/emu/Dropbox/TUM/MA/Sandbox/bareboard/ARM/STMicro/STM32/examples/train/obj/stm32f429_discovery.o
                0x08001ed4                stm32f429_discovery___elabs
 .text.stm32f4__sdram__initialize
                0x080024b4      0x29c /home/emu/Dropbox/TUM/MA/Sandbox/bareboard/ARM/STMicro/STM32/examples/train/obj/stm32f4-sdram.o
                0x080024b4                stm32f4__sdram__initialize
 .text.__gnat_last_chance_handler
                0x08002750       0x34 /home/emu/Dropbox/TUM/MA/Sandbox/bareboard/ARM/STMicro/STM32/examples/train/obj/last_chance_handler-stm32f429xx-sfp.o
                0x08002750                __gnat_last_chance_handler
 .text.stm32f4__ltdc__chip_select.part.0
                0x08002784       0x10 /home/emu/Dropbox/TUM/MA/Sandbox/bareboard/ARM/STMicro/STM32/examples/train/obj/stm32f4-ltdc.o
 .text.stm32f4__ltdc__reload_config.part.1
                0x08002794       0x18 /home/emu/Dropbox/TUM/MA/Sandbox/bareboard/ARM/STMicro/STM32/examples/train/obj/stm32f4-ltdc.o
 .text.stm32f4__ltdc__relative_delay.constprop.2
                0x080027ac       0x24 /home/emu/Dropbox/TUM/MA/Sandbox/bareboard/ARM/STMicro/STM32/examples/train/obj/stm32f4-ltdc.o
 .text.stm32f4__ltdc__lcd_writecommand
                0x080027d0       0x50 /home/emu/Dropbox/TUM/MA/Sandbox/bareboard/ARM/STMicro/STM32/examples/train/obj/stm32f4-ltdc.o
 .text.stm32f4__ltdc__lcd_writedata
                0x08002820       0x50 /home/emu/Dropbox/TUM/MA/Sandbox/bareboard/ARM/STMicro/STM32/examples/train/obj/stm32f4-ltdc.o
 .text.stm32f4__ltdc__initialize_layer
                0x08002870      0x144 /home/emu/Dropbox/TUM/MA/Sandbox/bareboard/ARM/STMicro/STM32/examples/train/obj/stm32f4-ltdc.o
                0x08002870                stm32f4__ltdc__initialize_layer
 .text.stm32f4__ltdc__set_layer_state
                0x080029b4       0x24 /home/emu/Dropbox/TUM/MA/Sandbox/bareboard/ARM/STMicro/STM32/examples/train/obj/stm32f4-ltdc.o
                0x080029b4                stm32f4__ltdc__set_layer_state
 .text.stm32f4__ltdc__set_background
                0x080029d8       0x28 /home/emu/Dropbox/TUM/MA/Sandbox/bareboard/ARM/STMicro/STM32/examples/train/obj/stm32f4-ltdc.o
                0x080029d8                stm32f4__ltdc__set_background
 .text.stm32f4__ltdc__initialize
                0x08002a00      0x6a4 /home/emu/Dropbox/TUM/MA/Sandbox/bareboard/ARM/STMicro/STM32/examples/train/obj/stm32f4-ltdc.o
                0x08002a00                stm32f4__ltdc__initialize
 .text.stm32f4__ltdc__set_pixel
                0x080030a4       0x60 /home/emu/Dropbox/TUM/MA/Sandbox/bareboard/ARM/STMicro/STM32/examples/train/obj/stm32f4-ltdc.o
                0x080030a4                stm32f4__ltdc__set_pixel
 .text.stm32f4__ltdc___elabs
                0x08003104       0x5c /home/emu/Dropbox/TUM/MA/Sandbox/bareboard/ARM/STMicro/STM32/examples/train/obj/stm32f4-ltdc.o
                0x08003104                stm32f4__ltdc___elabs
 .text.drawing__draw_char
                0x08003160       0xb0 /home/emu/Dropbox/TUM/MA/Sandbox/bareboard/ARM/STMicro/STM32/examples/train/obj/drawing.o
                0x08003160                drawing__draw_char
 .text.drawing__draw_string
                0x08003210       0xbc /home/emu/Dropbox/TUM/MA/Sandbox/bareboard/ARM/STMicro/STM32/examples/train/obj/drawing.o
                0x08003210                drawing__draw_string
 .text.drawing__draw_line
                0x080032cc      0x150 /home/emu/Dropbox/TUM/MA/Sandbox/bareboard/ARM/STMicro/STM32/examples/train/obj/drawing.o
                0x080032cc                drawing__draw_line
 .text.drawing__draw_line__draw_point.4203
                0x0800341c       0xd0 /home/emu/Dropbox/TUM/MA/Sandbox/bareboard/ARM/STMicro/STM32/examples/train/obj/drawing.o
 .text.drawing__draw_rectangle
                0x080034ec       0x60 /home/emu/Dropbox/TUM/MA/Sandbox/bareboard/ARM/STMicro/STM32/examples/train/obj/drawing.o
                0x080034ec                drawing__draw_rectangle
 .text.drawing__fill_rectangle
                0x0800354c       0x5c /home/emu/Dropbox/TUM/MA/Sandbox/bareboard/ARM/STMicro/STM32/examples/train/obj/drawing.o
                0x0800354c                drawing__fill_rectangle
 .text.drawing__draw_circle
                0x080035a8      0x33c /home/emu/Dropbox/TUM/MA/Sandbox/bareboard/ARM/STMicro/STM32/examples/train/obj/drawing.o
                0x080035a8                drawing__draw_circle
 .text.stm32f4__touch_panel__write_register
                0x080038e4       0x98 /home/emu/Dropbox/TUM/MA/Sandbox/bareboard/ARM/STMicro/STM32/examples/train/obj/stm32f4-touch_panel.o
 .text.stm32f4__touch_panel__read_register
                0x0800397c       0xcc /home/emu/Dropbox/TUM/MA/Sandbox/bareboard/ARM/STMicro/STM32/examples/train/obj/stm32f4-touch_panel.o
 .text.stm32f4__touch_panel__read_data
                0x08003a48       0xd4 /home/emu/Dropbox/TUM/MA/Sandbox/bareboard/ARM/STMicro/STM32/examples/train/obj/stm32f4-touch_panel.o
 .text.stm32f4__touch_panel__initialize
                0x08003b1c      0x1ec /home/emu/Dropbox/TUM/MA/Sandbox/bareboard/ARM/STMicro/STM32/examples/train/obj/stm32f4-touch_panel.o
                0x08003b1c                stm32f4__touch_panel__initialize
 .text.stm32f4__touch_panel__current_state
                0x08003d08       0x9c /home/emu/Dropbox/TUM/MA/Sandbox/bareboard/ARM/STMicro/STM32/examples/train/obj/stm32f4-touch_panel.o
                0x08003d08                stm32f4__touch_panel__current_state
 .text.stm32f4__touch_panel___elabs
                0x08003da4       0x38 /home/emu/Dropbox/TUM/MA/Sandbox/bareboard/ARM/STMicro/STM32/examples/train/obj/stm32f4-touch_panel.o
                0x08003da4                stm32f4__touch_panel___elabs
 .text.screen_interface__initialize
                0x08003ddc       0x40 /home/emu/Dropbox/TUM/MA/Sandbox/bareboard/ARM/STMicro/STM32/examples/train/obj/screen_interface.o
                0x08003ddc                screen_interface__initialize
 .text.screen_interface__current_touch_state
                0x08003e1c       0x20 /home/emu/Dropbox/TUM/MA/Sandbox/bareboard/ARM/STMicro/STM32/examples/train/obj/screen_interface.o
                0x08003e1c                screen_interface__current_touch_state
 .text.screen_interface__set_pixel__2
                0x08003e3c       0x30 /home/emu/Dropbox/TUM/MA/Sandbox/bareboard/ARM/STMicro/STM32/examples/train/obj/screen_interface.o
                0x08003e3c                screen_interface__set_pixel__2
 .text.trains__move
                0x08003e6c      0x27c /home/emu/Dropbox/TUM/MA/Sandbox/bareboard/ARM/STMicro/STM32/examples/train/obj/trains.o
                0x08003e6c                trains__move
 .text.trains___elabs
                0x080040e8       0x40 /home/emu/Dropbox/TUM/MA/Sandbox/bareboard/ARM/STMicro/STM32/examples/train/obj/trains.o
                0x080040e8                trains___elabs
 .text.tracks_display__draw_sign
                0x08004128       0x44 /home/emu/Dropbox/TUM/MA/Sandbox/bareboard/ARM/STMicro/STM32/examples/train/obj/tracks_display.o
 .text.tracks_display__set_sign_position
                0x0800416c       0x80 /home/emu/Dropbox/TUM/MA/Sandbox/bareboard/ARM/STMicro/STM32/examples/train/obj/tracks_display.o
                0x0800416c                tracks_display__set_sign_position
 .text.tracks_display__build_straight_track
                0x080041ec      0x120 /home/emu/Dropbox/TUM/MA/Sandbox/bareboard/ARM/STMicro/STM32/examples/train/obj/tracks_display.o
                0x080041ec                tracks_display__build_straight_track
 .text.tracks_display__build_curve_track
                0x0800430c      0x1a4 /home/emu/Dropbox/TUM/MA/Sandbox/bareboard/ARM/STMicro/STM32/examples/train/obj/tracks_display.o
                0x0800430c                tracks_display__build_curve_track
 .text.tracks_display__connect_track
                0x080044b0       0x94 /home/emu/Dropbox/TUM/MA/Sandbox/bareboard/ARM/STMicro/STM32/examples/train/obj/tracks_display.o
                0x080044b0                tracks_display__connect_track
 .text.tracks_display__init_train
                0x08004544       0x78 /home/emu/Dropbox/TUM/MA/Sandbox/bareboard/ARM/STMicro/STM32/examples/train/obj/tracks_display.o
                0x08004544                tracks_display__init_train
 .text.tracks_display__draw_track
                0x080045bc       0xc4 /home/emu/Dropbox/TUM/MA/Sandbox/bareboard/ARM/STMicro/STM32/examples/train/obj/tracks_display.o
                0x080045bc                tracks_display__draw_track
 .text.tracks_display__draw_switch
                0x08004680       0x80 /home/emu/Dropbox/TUM/MA/Sandbox/bareboard/ARM/STMicro/STM32/examples/train/obj/tracks_display.o
                0x08004680                tracks_display__draw_switch
 .text.tracks_display__draw_train
                0x08004700      0x114 /home/emu/Dropbox/TUM/MA/Sandbox/bareboard/ARM/STMicro/STM32/examples/train/obj/tracks_display.o
                0x08004700                tracks_display__draw_train
 .text.tracks_display__update_sign
                0x08004814       0x54 /home/emu/Dropbox/TUM/MA/Sandbox/bareboard/ARM/STMicro/STM32/examples/train/obj/tracks_display.o
                0x08004814                tracks_display__update_sign
 .text.tracks_display__change_switch
                0x08004868       0x98 /home/emu/Dropbox/TUM/MA/Sandbox/bareboard/ARM/STMicro/STM32/examples/train/obj/tracks_display.o
                0x08004868                tracks_display__change_switch
 .text.tracks_display__location
                0x08004900       0x34 /home/emu/Dropbox/TUM/MA/Sandbox/bareboard/ARM/STMicro/STM32/examples/train/obj/tracks_display.o
                0x08004900                tracks_display__location
 .text.tracks_display__move_train
                0x08004934      0x284 /home/emu/Dropbox/TUM/MA/Sandbox/bareboard/ARM/STMicro/STM32/examples/train/obj/tracks_display.o
                0x08004934                tracks_display__move_train
 .text.tracks_display__start_coord
                0x08004bb8       0x24 /home/emu/Dropbox/TUM/MA/Sandbox/bareboard/ARM/STMicro/STM32/examples/train/obj/tracks_display.o
                0x08004bb8                tracks_display__start_coord
 .text.tracks_display__end_coord
                0x08004bdc       0x28 /home/emu/Dropbox/TUM/MA/Sandbox/bareboard/ARM/STMicro/STM32/examples/train/obj/tracks_display.o
                0x08004bdc                tracks_display__end_coord
 .text.railroad__convert_railway_map__get_loc.4867
                0x08004c04       0x80 /home/emu/Dropbox/TUM/MA/Sandbox/bareboard/ARM/STMicro/STM32/examples/train/obj/railroad.o
 .text.railroad__convert_railway_map__add_track.4870
                0x08004c84       0x74 /home/emu/Dropbox/TUM/MA/Sandbox/bareboard/ARM/STMicro/STM32/examples/train/obj/railroad.o
 .text.railroad__convert_railway_map__add_previous_track.4874
                0x08004cf8       0x54 /home/emu/Dropbox/TUM/MA/Sandbox/bareboard/ARM/STMicro/STM32/examples/train/obj/railroad.o
 .text.railroad__spawn_train
                0x08004d4c       0x94 /home/emu/Dropbox/TUM/MA/Sandbox/bareboard/ARM/STMicro/STM32/examples/train/obj/railroad.o
                0x08004d4c                railroad__spawn_train
 .text.railroad__step_simulation
                0x08004de0       0x8c /home/emu/Dropbox/TUM/MA/Sandbox/bareboard/ARM/STMicro/STM32/examples/train/obj/railroad.o
                0x08004de0                railroad__step_simulation
 .text.railroad__draw_layout
                0x08004e6c      0x154 /home/emu/Dropbox/TUM/MA/Sandbox/bareboard/ARM/STMicro/STM32/examples/train/obj/railroad.o
                0x08004e6c                railroad__draw_layout
 .text.railroad__initialize
                0x08004fc0      0x950 /home/emu/Dropbox/TUM/MA/Sandbox/bareboard/ARM/STMicro/STM32/examples/train/obj/railroad.o
                0x08004fc0                railroad__initialize
 .text.railroad__respond_to_touch
                0x08005910       0x9c /home/emu/Dropbox/TUM/MA/Sandbox/bareboard/ARM/STMicro/STM32/examples/train/obj/railroad.o
                0x08005910                railroad__respond_to_touch
 .text.railroad___elabb
                0x080059ac      0x13c /home/emu/Dropbox/TUM/MA/Sandbox/bareboard/ARM/STMicro/STM32/examples/train/obj/railroad.o
                0x080059ac                railroad___elabb
 .text.driver__controllerTKB
                0x08005ae8       0x90 /home/emu/Dropbox/TUM/MA/Sandbox/bareboard/ARM/STMicro/STM32/examples/train/obj/driver.o
                0x08005ae8                driver__controllerTKB
 .text.driver___elabb
                0x08005b78       0x14 /home/emu/Dropbox/TUM/MA/Sandbox/bareboard/ARM/STMicro/STM32/examples/train/obj/driver.o
                0x08005b78                driver___elabb
 .text.driver___elabs
                0x08005b8c       0x80 /home/emu/Dropbox/TUM/MA/Sandbox/bareboard/ARM/STMicro/STM32/examples/train/obj/driver.o
                0x08005b8c                driver___elabs
 .text.system__tasking__initialize_atcb
                0x08005c0c       0x34 /home/emu/Software/gnat/arm-eabi/lib/gnat/ravenscar-sfp-stm32f4/adalib/libgnarl.a(s-taskin.o)
                0x08005c0c                system__tasking__initialize_atcb
 .text.system__tasking__initialize
                0x08005c40      0x180 /home/emu/Software/gnat/arm-eabi/lib/gnat/ravenscar-sfp-stm32f4/adalib/libgnarl.a(s-taskin.o)
                0x08005c40                system__tasking__initialize
 .text.system__tasking__self
                0x08005dc0        0xc /home/emu/Software/gnat/arm-eabi/lib/gnat/ravenscar-sfp-stm32f4/adalib/libgnarl.a(s-taskin.o)
                0x08005dc0                system__tasking(short,...)(long, float)
 .text.system__tasking__protected_objects__multiprocessors__wakeup_served_entry
                0x08005dcc       0x7c /home/emu/Software/gnat/arm-eabi/lib/gnat/ravenscar-sfp-stm32f4/adalib/libgnarl.a(s-tpobmu.o)
                0x08005dcc                system__tasking__protected_objects__multiprocessors__wakeup_served_entry
 .text.system__tasking__protected_objects__multiprocessors___elabb
                0x08005e48       0x20 /home/emu/Software/gnat/arm-eabi/lib/gnat/ravenscar-sfp-stm32f4/adalib/libgnarl.a(s-tpobmu.o)
                0x08005e48                system__tasking__protected_objects__multiprocessors___elabb
 .text.system__tasking__restricted__stages__create_restricted_task__2
                0x08005e68       0x68 /home/emu/Software/gnat/arm-eabi/lib/gnat/ravenscar-sfp-stm32f4/adalib/libgnarl.a(s-tarest.o)
 .text.system__tasking__restricted__stages__task_wrapper
                0x08005ed0      0x184 /home/emu/Software/gnat/arm-eabi/lib/gnat/ravenscar-sfp-stm32f4/adalib/libgnarl.a(s-tarest.o)
 .text.system__tasking__restricted__stages__activate_tasks
                0x08006054       0xfc /home/emu/Software/gnat/arm-eabi/lib/gnat/ravenscar-sfp-stm32f4/adalib/libgnarl.a(s-tarest.o)
 .text.system__tasking__restricted__stages__activate_restricted_tasks
                0x08006150       0x20 /home/emu/Software/gnat/arm-eabi/lib/gnat/ravenscar-sfp-stm32f4/adalib/libgnarl.a(s-tarest.o)
                0x08006150                system__tasking__restricted__stages__activate_restricted_tasks
 .text.system__tasking__restricted__stages__complete_restricted_activation
                0x08006170        0x4 /home/emu/Software/gnat/arm-eabi/lib/gnat/ravenscar-sfp-stm32f4/adalib/libgnarl.a(s-tarest.o)
                0x08006170                system__tasking__restricted__stages__complete_restricted_activation
 .text.system__tasking__restricted__stages__create_restricted_task
                0x08006174       0x58 /home/emu/Software/gnat/arm-eabi/lib/gnat/ravenscar-sfp-stm32f4/adalib/libgnarl.a(s-tarest.o)
                0x08006174                system__tasking__restricted__stages__create_restricted_task
 .text.system__tasking__restricted__stages___elabb
                0x080061cc        0x4 /home/emu/Software/gnat/arm-eabi/lib/gnat/ravenscar-sfp-stm32f4/adalib/libgnarl.a(s-tarest.o)
                0x080061cc                system__tasking__restricted__stages___elabb
 .text.system__bb__threads__queues__insert_alarm
                0x080061d0       0x60 /home/emu/Software/gnat/arm-eabi/lib/gnat/ravenscar-sfp-stm32f4/adalib/libgnarl.a(s-bbthqu.o)
                0x080061d0                system__bb__threads__queues__insert_alarm
 .text.system__bb__threads__queues__wakeup_expired_alarms
                0x08006230       0xec /home/emu/Software/gnat/arm-eabi/lib/gnat/ravenscar-sfp-stm32f4/adalib/libgnarl.a(s-bbthqu.o)
                0x08006230                system__bb__threads__queues__wakeup_expired_alarms
 .text.system__bb__threads__queues__yield
                0x0800631c       0x44 /home/emu/Software/gnat/arm-eabi/lib/gnat/ravenscar-sfp-stm32f4/adalib/libgnarl.a(s-bbthqu.o)
                0x0800631c                system__bb__threads__queues__yield
 .text.system__bb__threads__get_cpu
                0x08006360        0xc /home/emu/Software/gnat/arm-eabi/lib/gnat/ravenscar-sfp-stm32f4/adalib/libgnarl.a(s-bbthre.o)
                0x08006360                system__bb__threads__get_cpu
 .text.system__bb__threads__initialize
                0x0800636c       0x8c /home/emu/Software/gnat/arm-eabi/lib/gnat/ravenscar-sfp-stm32f4/adalib/libgnarl.a(s-bbthre.o)
                0x0800636c                system__bb__threads__initialize
 .text.system__bb__threads__sleep
                0x080063f8       0x44 /home/emu/Software/gnat/arm-eabi/lib/gnat/ravenscar-sfp-stm32f4/adalib/libgnarl.a(s-bbthre.o)
                0x080063f8                system__bb__threads(short, long,...)(...)( *)
 .text.system__bb__threads__thread_create
                0x0800643c      0x110 /home/emu/Software/gnat/arm-eabi/lib/gnat/ravenscar-sfp-stm32f4/adalib/libgnarl.a(s-bbthre.o)
                0x0800643c                system__bb__threads__thread_create
 .text.system__bb__threads__wakeup
                0x0800654c       0xa0 /home/emu/Software/gnat/arm-eabi/lib/gnat/ravenscar-sfp-stm32f4/adalib/libgnarl.a(s-bbthre.o)
                0x0800654c                system__bb__threads__wakeup
 .text.ada__real_time__Oadd
                0x080065ec       0x70 /home/emu/Software/gnat/arm-eabi/lib/gnat/ravenscar-sfp-stm32f4/adalib/libgnarl.a(a-reatim.o)
                0x080065ec                ada__real_time__Oadd
 .text.ada__real_time__clock
                0x0800665c       0x58 /home/emu/Software/gnat/arm-eabi/lib/gnat/ravenscar-sfp-stm32f4/adalib/libgnarl.a(a-reatim.o)
                0x0800665c                ada__real_time__clock
 .text.ada__real_time__microseconds
                0x080066b4       0x1c /home/emu/Software/gnat/arm-eabi/lib/gnat/ravenscar-sfp-stm32f4/adalib/libgnarl.a(a-reatim.o)
                0x080066b4                ada__real_time__microseconds
 .text.ada__real_time__milliseconds
                0x080066d0       0x18 /home/emu/Software/gnat/arm-eabi/lib/gnat/ravenscar-sfp-stm32f4/adalib/libgnarl.a(a-reatim.o)
                0x080066d0                ada__real_time__milliseconds
 .text.ada__real_time__seconds
                0x080066e8        0xc /home/emu/Software/gnat/arm-eabi/lib/gnat/ravenscar-sfp-stm32f4/adalib/libgnarl.a(a-reatim.o)
                0x080066e8                ada__real_time__seconds
 .text.ada__real_time___elabb
                0x080066f4        0x4 /home/emu/Software/gnat/arm-eabi/lib/gnat/ravenscar-sfp-stm32f4/adalib/libgnarl.a(a-reatim.o)
                0x080066f4                ada__real_time___elabb
 .text.ada__real_time___elabs
                0x080066f8       0x10 /home/emu/Software/gnat/arm-eabi/lib/gnat/ravenscar-sfp-stm32f4/adalib/libgnarl.a(a-reatim.o)
                0x080066f8                ada__real_time___elabs
 .text.system__tasking__protected_objects___elabb
                0x08006708        0x4 /home/emu/Software/gnat/arm-eabi/lib/gnat/ravenscar-sfp-stm32f4/adalib/libgnarl.a(s-taprob.o)
                0x08006708                system__tasking__protected_objects___elabb
 .text.ada__real_time__delays__delay_until
                0x0800670c       0x30 /home/emu/Software/gnat/arm-eabi/lib/gnat/ravenscar-sfp-stm32f4/adalib/libgnarl.a(a-retide.o)
                0x0800670c                ada__real_time__delays__delay_until
 .text.system__bb__board_support__read_clock
                0x0800673c       0x3c /home/emu/Software/gnat/arm-eabi/lib/gnat/ravenscar-sfp-stm32f4/adalib/libgnarl.a(s-bbbosu.o)
                0x0800673c                system__bb__board_support__read_clock
 .text.system__bb__board_support__set_alarm
                0x08006778       0x2c /home/emu/Software/gnat/arm-eabi/lib/gnat/ravenscar-sfp-stm32f4/adalib/libgnarl.a(s-bbbosu.o)
                0x08006778                system__bb__board_support__set_alarm
 .text.system__bb__board_support__initialize_board
                0x080067a4       0x50 /home/emu/Software/gnat/arm-eabi/lib/gnat/ravenscar-sfp-stm32f4/adalib/libgnarl.a(s-bbbosu.o)
                0x080067a4                system__bb__board_support__initialize_board
 .text.system__bb__board_support__enable_interrupt_request
                0x080067f4       0x5c /home/emu/Software/gnat/arm-eabi/lib/gnat/ravenscar-sfp-stm32f4/adalib/libgnarl.a(s-bbbosu.o)
                0x080067f4                system__bb__board_support__enable_interrupt_request
 .text.system__bb__board_support__install_interrupt_handler
                0x08006850       0x4c /home/emu/Software/gnat/arm-eabi/lib/gnat/ravenscar-sfp-stm32f4/adalib/libgnarl.a(s-bbbosu.o)
                0x08006850                system__bb__board_support__install_interrupt_handler
 .text.system__bb__protection__leave_kernel
                0x0800689c      0x148 /home/emu/Software/gnat/arm-eabi/lib/gnat/ravenscar-sfp-stm32f4/adalib/libgnarl.a(s-bbprot.o)
                0x0800689c                system__bb__protection__leave_kernel
 .text.system__task_primitives__operations__get_cpu
                0x080069e4       0x10 /home/emu/Software/gnat/arm-eabi/lib/gnat/ravenscar-sfp-stm32f4/adalib/libgnarl.a(s-taprop.o)
                0x080069e4                system__task_primitives__operations__get_cpu
 .text.system__bb__interrupts__interrupt_wrapper
                0x080069f4      0x148 /home/emu/Software/gnat/arm-eabi/lib/gnat/ravenscar-sfp-stm32f4/adalib/libgnarl.a(s-bbinte.o)
                0x080069f4                system__bb__interrupts__interrupt_wrapper
 .text.system__bb__interrupts__initialize_interrupts
                0x08006b3c       0x24 /home/emu/Software/gnat/arm-eabi/lib/gnat/ravenscar-sfp-stm32f4/adalib/libgnarl.a(s-bbinte.o)
                0x08006b3c                system__bb__interrupts__initialize_interrupts
 .text.system__bb__time__get_next_timeout
                0x08006b60       0x58 /home/emu/Software/gnat/arm-eabi/lib/gnat/ravenscar-sfp-stm32f4/adalib/libgnarl.a(s-bbtime.o)
                0x08006b60                system__bb__time__get_next_timeout
 .text.system__bb__time__initialize_timers
                0x08006bb8       0x9c /home/emu/Software/gnat/arm-eabi/lib/gnat/ravenscar-sfp-stm32f4/adalib/libgnarl.a(s-bbtime.o)
                0x08006bb8                system__bb__time__initialize_timers
 .text.system__bb__time__update_alarm
                0x08006c54       0x94 /home/emu/Software/gnat/arm-eabi/lib/gnat/ravenscar-sfp-stm32f4/adalib/libgnarl.a(s-bbtime.o)
                0x08006c54                system__bb__time__update_alarm
 .text.system__bb__time__delay_until
                0x08006ce8       0xec /home/emu/Software/gnat/arm-eabi/lib/gnat/ravenscar-sfp-stm32f4/adalib/libgnarl.a(s-bbtime.o)
                0x08006ce8                system__bb__time__delay_until
 .text.system__bb__time__update_clock
                0x08006dd4       0x30 /home/emu/Software/gnat/arm-eabi/lib/gnat/ravenscar-sfp-stm32f4/adalib/libgnarl.a(s-bbtime.o)
                0x08006dd4                system__bb__time__update_clock
 .text.system__bb__time__alarm_handler
                0x08006e04       0x94 /home/emu/Software/gnat/arm-eabi/lib/gnat/ravenscar-sfp-stm32f4/adalib/libgnarl.a(s-bbtime.o)
                0x08006e04                system__bb__time__alarm_handler
 .text.system__bb__cpu_primitives__initialize_cpu
                0x08006e98       0x88 /home/emu/Software/gnat/arm-eabi/lib/gnat/ravenscar-sfp-stm32f4/adalib/libgnarl.a(s-bbcppr.o)
                0x08006e98                system__bb__cpu_primitives__initialize_cpu
 .text.__gnat_irq_trap
                0x08006f20       0x54 /home/emu/Software/gnat/arm-eabi/lib/gnat/ravenscar-sfp-stm32f4/adalib/libgnarl.a(s-bbcppr.o)
                0x08006f20                __gnat_irq_trap
 .text.__gnat_pend_sv_trap
                0x08006f74       0x4c /home/emu/Software/gnat/arm-eabi/lib/gnat/ravenscar-sfp-stm32f4/adalib/libgnarl.a(s-bbcppr.o)
                0x08006f74                __gnat_pend_sv_trap
 .text.__gnat_sys_tick_trap
                0x08006fc0       0x70 /home/emu/Software/gnat/arm-eabi/lib/gnat/ravenscar-sfp-stm32f4/adalib/libgnarl.a(s-bbcppr.o)
                0x08006fc0                __gnat_sys_tick_trap
 .text.system__bb__cpu_primitives__install_trap_handler
                0x08007030       0x10 /home/emu/Software/gnat/arm-eabi/lib/gnat/ravenscar-sfp-stm32f4/adalib/libgnarl.a(s-bbcppr.o)
                0x08007030                system__bb__cpu_primitives__install_trap_handler
 .text.system__bb__timing_events__execute_expired_timing_events
                0x08007040       0xfc /home/emu/Software/gnat/arm-eabi/lib/gnat/ravenscar-sfp-stm32f4/adalib/libgnarl.a(s-bbtiev.o)
                0x08007040                system__bb__timing_events__execute_expired_timing_events
 *fill*         0x0800713c       0xc4 
 .text          0x08007200      0x200 /home/emu/Software/gnat/arm-eabi/lib/gnat/ravenscar-sfp-stm32f4/adalib/libgnat.a(handler.o)
                0x08007200                __vectors
 .text          0x08007400       0x62 /home/emu/Software/gnat/arm-eabi/lib/gnat/ravenscar-sfp-stm32f4/adalib/libgnat.a(start-rom.o)
                0x08007400                _start_rom
 *fill*         0x08007462        0x2 
 .text.memcmp   0x08007464       0x34 /home/emu/Software/gnat/arm-eabi/lib/gnat/ravenscar-sfp-stm32f4/adalib/libgnat.a(s-memcom.o)
                0x08007464                memcmp
 .text.system__secondary_stack__ss_init
                0x08007498        0xc /home/emu/Software/gnat/arm-eabi/lib/gnat/ravenscar-sfp-stm32f4/adalib/libgnat.a(s-secsta.o)
                0x08007498                system__secondary_stack__ss_init
 .text.memcpy   0x080074a4       0x48 /home/emu/Software/gnat/arm-eabi/lib/gnat/ravenscar-sfp-stm32f4/adalib/libgnat.a(s-memcop.o)
                0x080074a4                memcpy
 .text.system__parameters__adjust_storage_size
                0x080074ec        0xc /home/emu/Software/gnat/arm-eabi/lib/gnat/ravenscar-sfp-stm32f4/adalib/libgnat.a(s-parame.o)
                0x080074ec                system__parameters__adjust_storage_size
 .text.exit     0x080074f8       0x10 /home/emu/Software/gnat/arm-eabi/lib/gnat/ravenscar-sfp-stm32f4/adalib/libgnat.a(s-macres.o)
                0x080074f8                exit
 .text._ada_setup_pll
                0x08007508      0x100 /home/emu/Software/gnat/arm-eabi/lib/gnat/ravenscar-sfp-stm32f4/adalib/libgnat.a(setup_pll.o)
                0x08007508                _ada_setup_pll
 .text          0x08007608       0x38 /home/emu/Software/gnat/bin/../lib/gcc/arm-eabi/4.9.3/fpu/libgcc.a(_aeabi_ldivmod.o)
                0x08007608                __aeabi_ldivmod
 .text          0x08007640       0x60 /home/emu/Software/gnat/bin/../lib/gcc/arm-eabi/4.9.3/fpu/libgcc.a(bpabi.o)
                0x08007640                __gnu_ldivmod_helper
                0x08007670                __gnu_uldivmod_helper
 .text          0x080076a0        0x4 /home/emu/Software/gnat/bin/../lib/gcc/arm-eabi/4.9.3/fpu/libgcc.a(_dvmd_tls.o)
                0x080076a0                __aeabi_ldiv0
                0x080076a0                __aeabi_idiv0
 .text          0x080076a4      0x158 /home/emu/Software/gnat/bin/../lib/gcc/arm-eabi/4.9.3/fpu/libgcc.a(_divdi3.o)
                0x080076a4                __divdi3
 .text          0x080077fc      0x11c /home/emu/Software/gnat/bin/../lib/gcc/arm-eabi/4.9.3/fpu/libgcc.a(_udivdi3.o)
                0x080077fc                __udivdi3
 *(.gnu.warning)

.glue_7         0x08007918        0x0
 .glue_7        0x08007918        0x0 linker stubs

.glue_7t        0x08007918        0x0
 .glue_7t       0x08007918        0x0 linker stubs

.vfp11_veneer   0x08007918        0x0
 .vfp11_veneer  0x08007918        0x0 linker stubs

.v4_bx          0x08007918        0x0
 .v4_bx         0x08007918        0x0 linker stubs

.iplt           0x08007918        0x0
 .iplt          0x08007918        0x0 b__train_demo.o

.ARM.extab
 *(.ARM.extab* .gnu.linkonce.armextab.*)
                0x08007918                PROVIDE (__exidx_start, .)

.ARM.exidx      0x08007918        0x8
 *(.ARM.exidx* .gnu.linkonce.armexidx.*)
 .ARM.exidx     0x08007918        0x8 /home/emu/Software/gnat/bin/../lib/gcc/arm-eabi/4.9.3/fpu/libgcc.a(_divdi3.o)
 .ARM.exidx     0x08007920        0x0 /home/emu/Software/gnat/bin/../lib/gcc/arm-eabi/4.9.3/fpu/libgcc.a(_udivdi3.o)
                                  0x8 (size before relaxing)
                0x08007920                PROVIDE (__exidx_end, .)

.rodata         0x08007920     0x244c
 *(.lit)
 *(.rodata .rodata.* .gnu.linkonce.r*)
 .rodata.__gnat_ada_main_program_name
                0x08007920       0x10 b__train_demo.o
                0x08007920                __gnat_ada_main_program_name
 .rodata        0x08007930       0x10 /home/emu/Dropbox/TUM/MA/Sandbox/bareboard/ARM/STMicro/STM32/examples/train/obj/bmp_fonts.o
 .rodata.bmp_fonts__bmp_font16x24
                0x08007940     0x11d0 /home/emu/Dropbox/TUM/MA/Sandbox/bareboard/ARM/STMicro/STM32/examples/train/obj/bmp_fonts.o
                0x08007940                bmp_fonts__bmp_font16x24
 .rodata.bmp_fonts__bmp_font8x8
                0x08008b10      0x300 /home/emu/Dropbox/TUM/MA/Sandbox/bareboard/ARM/STMicro/STM32/examples/train/obj/bmp_fonts.o
                0x08008b10                bmp_fonts__bmp_font8x8
 .rodata.bmp_fonts__bmp_font12x12
                0x08008e10      0x900 /home/emu/Dropbox/TUM/MA/Sandbox/bareboard/ARM/STMicro/STM32/examples/train/obj/bmp_fonts.o
                0x08008e10                bmp_fonts__bmp_font12x12
 .rodata        0x08009710       0x20 /home/emu/Dropbox/TUM/MA/Sandbox/bareboard/ARM/STMicro/STM32/examples/train/obj/stm32f4-adc.o
 .rodata        0x08009730       0x14 /home/emu/Dropbox/TUM/MA/Sandbox/bareboard/ARM/STMicro/STM32/examples/train/obj/stm32f4-exti.o
 .rodata        0x08009744       0x10 /home/emu/Dropbox/TUM/MA/Sandbox/bareboard/ARM/STMicro/STM32/examples/train/obj/stm32f4-fmc.o
 .rodata        0x08009754       0x20 /home/emu/Dropbox/TUM/MA/Sandbox/bareboard/ARM/STMicro/STM32/examples/train/obj/stm32f4-rcc.o
 .rodata.stm32f4__rcc__hpre_presc_table
                0x08009774       0x40 /home/emu/Dropbox/TUM/MA/Sandbox/bareboard/ARM/STMicro/STM32/examples/train/obj/stm32f4-rcc.o
                0x08009774                stm32f4__rcc__hpre_presc_table
 .rodata.stm32f4__rcc__ppre_presc_table
                0x080097b4       0x20 /home/emu/Dropbox/TUM/MA/Sandbox/bareboard/ARM/STMicro/STM32/examples/train/obj/stm32f4-rcc.o
                0x080097b4                stm32f4__rcc__ppre_presc_table
 .rodata        0x080097d4       0x10 /home/emu/Dropbox/TUM/MA/Sandbox/bareboard/ARM/STMicro/STM32/examples/train/obj/stm32f4-i2c.o
 .rodata.stm32f4__i2c__sr1_flag_pos
                0x080097e4       0x1c /home/emu/Dropbox/TUM/MA/Sandbox/bareboard/ARM/STMicro/STM32/examples/train/obj/stm32f4-i2c.o
 .rodata.str1.4
                0x08009800       0x14 /home/emu/Dropbox/TUM/MA/Sandbox/bareboard/ARM/STMicro/STM32/examples/train/obj/stm32f4-i2c.o
 .rodata.stm32f4__i2c__sr2_flag_pos
                0x08009814       0x10 /home/emu/Dropbox/TUM/MA/Sandbox/bareboard/ARM/STMicro/STM32/examples/train/obj/stm32f4-i2c.o
 .rodata        0x08009824       0x10 /home/emu/Dropbox/TUM/MA/Sandbox/bareboard/ARM/STMicro/STM32/examples/train/obj/stm32f4-spi.o
 .rodata.stm32f4__spi__baud_rate_value
                0x08009834        0x8 /home/emu/Dropbox/TUM/MA/Sandbox/bareboard/ARM/STMicro/STM32/examples/train/obj/stm32f4-spi.o
                0x08009834                stm32f4__spi__baud_rate_value
 .rodata        0x0800983c       0x28 /home/emu/Dropbox/TUM/MA/Sandbox/bareboard/ARM/STMicro/STM32/examples/train/obj/stm32f4-syscfg.o
 .rodata        0x08009864       0x14 /home/emu/Dropbox/TUM/MA/Sandbox/bareboard/ARM/STMicro/STM32/examples/train/obj/stm32f4-gpio.o
 .rodata        0x08009878       0x10 /home/emu/Dropbox/TUM/MA/Sandbox/bareboard/ARM/STMicro/STM32/examples/train/obj/stm32f42xxx.o
 .rodata.str1.4
                0x08009888      0x104 /home/emu/Dropbox/TUM/MA/Sandbox/bareboard/ARM/STMicro/STM32/examples/train/obj/stm32f42xxx.o
 .rodata        0x0800998c       0x18 /home/emu/Dropbox/TUM/MA/Sandbox/bareboard/ARM/STMicro/STM32/examples/train/obj/stm32f429_discovery.o
 .rodata        0x080099a4       0x70 /home/emu/Dropbox/TUM/MA/Sandbox/bareboard/ARM/STMicro/STM32/examples/train/obj/stm32f4-sdram.o
 .rodata        0x08009a14       0x84 /home/emu/Dropbox/TUM/MA/Sandbox/bareboard/ARM/STMicro/STM32/examples/train/obj/stm32f4-ltdc.o
 .rodata        0x08009a98       0x18 /home/emu/Dropbox/TUM/MA/Sandbox/bareboard/ARM/STMicro/STM32/examples/train/obj/drawing.o
 .rodata        0x08009ab0       0x18 /home/emu/Dropbox/TUM/MA/Sandbox/bareboard/ARM/STMicro/STM32/examples/train/obj/stm32f4-touch_panel.o
 .rodata        0x08009ac8       0x30 /home/emu/Dropbox/TUM/MA/Sandbox/bareboard/ARM/STMicro/STM32/examples/train/obj/screen_interface.o
 .rodata        0x08009af8       0x24 /home/emu/Dropbox/TUM/MA/Sandbox/bareboard/ARM/STMicro/STM32/examples/train/obj/trains.o
 .rodata        0x08009b1c       0x14 /home/emu/Dropbox/TUM/MA/Sandbox/bareboard/ARM/STMicro/STM32/examples/train/obj/tracks_display.o
 .rodata.tracks_display__entry_sign_pixel
                0x08009b30        0x8 /home/emu/Dropbox/TUM/MA/Sandbox/bareboard/ARM/STMicro/STM32/examples/train/obj/tracks_display.o
                0x08009b30                tracks_display__entry_sign_pixel
 .rodata        0x08009b38      0x178 /home/emu/Dropbox/TUM/MA/Sandbox/bareboard/ARM/STMicro/STM32/examples/train/obj/railroad.o
 .rodata        0x08009cb0        0x8 /home/emu/Dropbox/TUM/MA/Sandbox/bareboard/ARM/STMicro/STM32/examples/train/obj/driver.o
 .rodata        0x08009cb8       0x30 /home/emu/Software/gnat/arm-eabi/lib/gnat/ravenscar-sfp-stm32f4/adalib/libgnarl.a(s-taskin.o)
 .rodata        0x08009ce8       0x64 /home/emu/Software/gnat/arm-eabi/lib/gnat/ravenscar-sfp-stm32f4/adalib/libgnarl.a(s-tarest.o)
 .rodata        0x08009d4c       0x10 /home/emu/Software/gnat/arm-eabi/lib/gnat/ravenscar-sfp-stm32f4/adalib/libgnarl.a(a-reatim.o)
 .rodata        0x08009d5c       0x10 /home/emu/Software/gnat/arm-eabi/lib/gnat/ravenscar-sfp-stm32f4/adalib/libgnarl.a(a-retide.o)
                0x08009d6c                . = ALIGN (0x4)
                0x08009d6c                __rom_end = .
                0x08009d6c                __data_load = __rom_end

.rel.dyn        0x08009d6c        0x0
 .rel.iplt      0x08009d6c        0x0 b__train_demo.o

.data           0x20000000       0xb8 load address 0x08009d6c
                0x20000000                __data_start = .
 *(.data .data.* .gnu.linkonce.d*)
 .data.stm32f4_E
                0x20000000        0x2 /home/emu/Dropbox/TUM/MA/Sandbox/bareboard/ARM/STMicro/STM32/examples/train/obj/stm32f4.o
                0x20000000                stm32f4_E
 .data.bmp_fonts_E
                0x20000002        0x2 /home/emu/Dropbox/TUM/MA/Sandbox/bareboard/ARM/STMicro/STM32/examples/train/obj/bmp_fonts.o
                0x20000002                bmp_fonts_E
 .data.bitmapped_drawing_E
                0x20000004        0x2 /home/emu/Dropbox/TUM/MA/Sandbox/bareboard/ARM/STMicro/STM32/examples/train/obj/bitmapped_drawing.o
                0x20000004                bitmapped_drawing_E
 .data.stm32f4__adc_E
                0x20000006        0x2 /home/emu/Dropbox/TUM/MA/Sandbox/bareboard/ARM/STMicro/STM32/examples/train/obj/stm32f4-adc.o
                0x20000006                stm32f4__adc_E
 .data.stm32f4__dac_E
                0x20000008        0x2 /home/emu/Dropbox/TUM/MA/Sandbox/bareboard/ARM/STMicro/STM32/examples/train/obj/stm32f4-dac.o
                0x20000008                stm32f4__dac_E
 .data.stm32f4__exti_E
                0x2000000a        0x2 /home/emu/Dropbox/TUM/MA/Sandbox/bareboard/ARM/STMicro/STM32/examples/train/obj/stm32f4-exti.o
                0x2000000a                stm32f4__exti_E
 .data.stm32f4__fmc_E
                0x2000000c        0x2 /home/emu/Dropbox/TUM/MA/Sandbox/bareboard/ARM/STMicro/STM32/examples/train/obj/stm32f4-fmc.o
                0x2000000c                stm32f4__fmc_E
 .data.stm32f4__rcc_E
                0x2000000e        0x2 /home/emu/Dropbox/TUM/MA/Sandbox/bareboard/ARM/STMicro/STM32/examples/train/obj/stm32f4-rcc.o
                0x2000000e                stm32f4__rcc_E
 .data.stm32f4__i2c_E
                0x20000010        0x2 /home/emu/Dropbox/TUM/MA/Sandbox/bareboard/ARM/STMicro/STM32/examples/train/obj/stm32f4-i2c.o
                0x20000010                stm32f4__i2c_E
 .data.stm32f4__spi_E
                0x20000012        0x2 /home/emu/Dropbox/TUM/MA/Sandbox/bareboard/ARM/STMicro/STM32/examples/train/obj/stm32f4-spi.o
                0x20000012                stm32f4__spi_E
 .data.stm32f4__ili9341_E
                0x20000014        0x2 /home/emu/Dropbox/TUM/MA/Sandbox/bareboard/ARM/STMicro/STM32/examples/train/obj/stm32f4-ili9341.o
                0x20000014                stm32f4__ili9341_E
 .data.stm32f4__syscfg_E
                0x20000016        0x2 /home/emu/Dropbox/TUM/MA/Sandbox/bareboard/ARM/STMicro/STM32/examples/train/obj/stm32f4-syscfg.o
                0x20000016                stm32f4__syscfg_E
 .data.stm32f4__l3gd20_E
                0x20000018        0x2 /home/emu/Dropbox/TUM/MA/Sandbox/bareboard/ARM/STMicro/STM32/examples/train/obj/stm32f4-l3gd20.o
                0x20000018                stm32f4__l3gd20_E
 .data.stm32f42xxx_E
                0x2000001a        0x2 /home/emu/Dropbox/TUM/MA/Sandbox/bareboard/ARM/STMicro/STM32/examples/train/obj/stm32f42xxx.o
                0x2000001a                stm32f42xxx_E
 .data.stm32f429_discovery_E
                0x2000001c        0x2 /home/emu/Dropbox/TUM/MA/Sandbox/bareboard/ARM/STMicro/STM32/examples/train/obj/stm32f429_discovery.o
                0x2000001c                stm32f429_discovery_E
 .data.stm32f4__sdram_E
                0x2000001e        0x2 /home/emu/Dropbox/TUM/MA/Sandbox/bareboard/ARM/STMicro/STM32/examples/train/obj/stm32f4-sdram.o
                0x2000001e                stm32f4__sdram_E
 .data.last_chance_handler_E
                0x20000020        0x2 /home/emu/Dropbox/TUM/MA/Sandbox/bareboard/ARM/STMicro/STM32/examples/train/obj/last_chance_handler-stm32f429xx-sfp.o
                0x20000020                last_chance_handler_E
 .data.stm32f4__ltdc_E
                0x20000022        0x2 /home/emu/Dropbox/TUM/MA/Sandbox/bareboard/ARM/STMicro/STM32/examples/train/obj/stm32f4-ltdc.o
                0x20000022                stm32f4__ltdc_E
 .data.stm32f4__touch_panel__scl_af
                0x20000024        0x1 /home/emu/Dropbox/TUM/MA/Sandbox/bareboard/ARM/STMicro/STM32/examples/train/obj/stm32f4-touch_panel.o
                0x20000024                stm32f4__touch_panel__scl_af
 *fill*         0x20000025        0x1 
 .data.stm32f4__touch_panel_E
                0x20000026        0x2 /home/emu/Dropbox/TUM/MA/Sandbox/bareboard/ARM/STMicro/STM32/examples/train/obj/stm32f4-touch_panel.o
                0x20000026                stm32f4__touch_panel_E
 .data.screen_interface__initialized
                0x20000028        0x1 /home/emu/Dropbox/TUM/MA/Sandbox/bareboard/ARM/STMicro/STM32/examples/train/obj/screen_interface.o
 .data.screen_interface__draw_layer
                0x20000029        0x1 /home/emu/Dropbox/TUM/MA/Sandbox/bareboard/ARM/STMicro/STM32/examples/train/obj/screen_interface.o
 .data.screen_interface_E
                0x2000002a        0x2 /home/emu/Dropbox/TUM/MA/Sandbox/bareboard/ARM/STMicro/STM32/examples/train/obj/screen_interface.o
                0x2000002a                screen_interface_E
 .data.trains__cur_num_trains
                0x2000002c        0x4 /home/emu/Dropbox/TUM/MA/Sandbox/bareboard/ARM/STMicro/STM32/examples/train/obj/trains.o
                0x2000002c                trains__cur_num_trains
 .data.trains_E
                0x20000030        0x2 /home/emu/Dropbox/TUM/MA/Sandbox/bareboard/ARM/STMicro/STM32/examples/train/obj/trains.o
                0x20000030                trains_E
 .data.tracks_display_E
                0x20000032        0x2 /home/emu/Dropbox/TUM/MA/Sandbox/bareboard/ARM/STMicro/STM32/examples/train/obj/tracks_display.o
                0x20000032                tracks_display_E
 .data.railroad_E
                0x20000034        0x2 /home/emu/Dropbox/TUM/MA/Sandbox/bareboard/ARM/STMicro/STM32/examples/train/obj/railroad.o
                0x20000034                railroad_E
 .data.driver_E
                0x20000036        0x2 /home/emu/Dropbox/TUM/MA/Sandbox/bareboard/ARM/STMicro/STM32/examples/train/obj/driver.o
                0x20000036                driver_E
 .data.driver__controllerTKE
                0x20000038        0x1 /home/emu/Dropbox/TUM/MA/Sandbox/bareboard/ARM/STMicro/STM32/examples/train/obj/driver.o
                0x20000038                driver__controllerTKE
 *fill*         0x20000039        0x3 
 .data.driver__J12s
                0x2000003c        0x4 /home/emu/Dropbox/TUM/MA/Sandbox/bareboard/ARM/STMicro/STM32/examples/train/obj/driver.o
                0x2000003c                driver__J12s
 .data.__gl_main_priority
                0x20000040        0x4 /home/emu/Software/gnat/arm-eabi/lib/gnat/ravenscar-sfp-stm32f4/adalib/libgnarl.a(s-taskin.o)
                0x20000040                __gl_main_priority
 .data.system__tasking__initialized
                0x20000044        0x1 /home/emu/Software/gnat/arm-eabi/lib/gnat/ravenscar-sfp-stm32f4/adalib/libgnarl.a(s-taskin.o)
 *fill*         0x20000045        0x3 
 .data.system__tasking__fall_back_handler
                0x20000048        0x8 /home/emu/Software/gnat/arm-eabi/lib/gnat/ravenscar-sfp-stm32f4/adalib/libgnarl.a(s-taskin.o)
                0x20000048                system__tasking__fall_back_handler
 .data.__gl_main_cpu
                0x20000050        0x4 /home/emu/Software/gnat/arm-eabi/lib/gnat/ravenscar-sfp-stm32f4/adalib/libgnarl.a(s-taskin.o)
                0x20000050                __gl_main_cpu
 .data.system__tasking__protected_objects__multiprocessors_E
                0x20000054        0x2 /home/emu/Software/gnat/arm-eabi/lib/gnat/ravenscar-sfp-stm32f4/adalib/libgnarl.a(s-tpobmu.o)
                0x20000054                system__tasking__protected_objects__multiprocessors_E
 .data.system__tasking__restricted__stages_E
                0x20000056        0x2 /home/emu/Software/gnat/arm-eabi/lib/gnat/ravenscar-sfp-stm32f4/adalib/libgnarl.a(s-tarest.o)
                0x20000056                system__tasking__restricted__stages_E
 .data.system__tasking__restricted__stages__tasks_activation_chain
                0x20000058        0x4 /home/emu/Software/gnat/arm-eabi/lib/gnat/ravenscar-sfp-stm32f4/adalib/libgnarl.a(s-tarest.o)
 .data.__gnat_partition_elaboration_policy
                0x2000005c        0x1 /home/emu/Software/gnat/arm-eabi/lib/gnat/ravenscar-sfp-stm32f4/adalib/libgnarl.a(s-tarest.o)
                0x2000005c                __gnat_partition_elaboration_policy
 *fill*         0x2000005d        0x3 
 .data.first_thread_table
                0x20000060        0x4 /home/emu/Software/gnat/arm-eabi/lib/gnat/ravenscar-sfp-stm32f4/adalib/libgnarl.a(s-bbthqu.o)
                0x20000060                first_thread_table
 .data.system__bb__threads__queues__global_list
                0x20000064        0x4 /home/emu/Software/gnat/arm-eabi/lib/gnat/ravenscar-sfp-stm32f4/adalib/libgnarl.a(s-bbthqu.o)
                0x20000064                system__bb__threads__queues__global_list
 .data.system__bb__threads__queues__alarms_table
                0x20000068        0x4 /home/emu/Software/gnat/arm-eabi/lib/gnat/ravenscar-sfp-stm32f4/adalib/libgnarl.a(s-bbthqu.o)
                0x20000068                system__bb__threads__queues__alarms_table
 .data.__gnat_running_thread_table
                0x2000006c        0x4 /home/emu/Software/gnat/arm-eabi/lib/gnat/ravenscar-sfp-stm32f4/adalib/libgnarl.a(s-bbthqu.o)
                0x2000006c                __gnat_running_thread_table
 .data.system__bb__threads__initialized
                0x20000070        0x1 /home/emu/Software/gnat/arm-eabi/lib/gnat/ravenscar-sfp-stm32f4/adalib/libgnarl.a(s-bbthre.o)
                0x20000070                system__bb__threads__initialized
 *fill*         0x20000071        0x1 
 .data.ada__real_time_E
                0x20000072        0x2 /home/emu/Software/gnat/arm-eabi/lib/gnat/ravenscar-sfp-stm32f4/adalib/libgnarl.a(a-reatim.o)
                0x20000072                ada__real_time_E
 .data.system__tasking__protected_objects_E
                0x20000074        0x2 /home/emu/Software/gnat/arm-eabi/lib/gnat/ravenscar-sfp-stm32f4/adalib/libgnarl.a(s-taprob.o)
                0x20000074                system__tasking__protected_objects_E
 *fill*         0x20000076        0x2 
 .data.system__tasking__debug__first_task
                0x20000078        0x4 /home/emu/Software/gnat/arm-eabi/lib/gnat/ravenscar-sfp-stm32f4/adalib/libgnarl.a(s-tasdeb.o)
                0x20000078                system__tasking__debug__first_task
 .data.system__tasking__debug__last_task
                0x2000007c        0x4 /home/emu/Software/gnat/arm-eabi/lib/gnat/ravenscar-sfp-stm32f4/adalib/libgnarl.a(s-tasdeb.o)
                0x2000007c                system__tasking__debug__last_task
 .data.system__bb__protection__wakeup_served_entry_callback
                0x20000080        0x4 /home/emu/Software/gnat/arm-eabi/lib/gnat/ravenscar-sfp-stm32f4/adalib/libgnarl.a(s-bbprot.o)
                0x20000080                system__bb__protection__wakeup_served_entry_callback
 .data.system__task_primitives__operations__environment_task
                0x20000084        0x4 /home/emu/Software/gnat/arm-eabi/lib/gnat/ravenscar-sfp-stm32f4/adalib/libgnarl.a(s-taprop.o)
                0x20000084                system__task_primitives__operations__environment_task
 .data.system__bb__interrupts__interrupt_being_handled
                0x20000088        0x4 /home/emu/Software/gnat/arm-eabi/lib/gnat/ravenscar-sfp-stm32f4/adalib/libgnarl.a(s-bbinte.o)
                0x20000088                system__bb__interrupts__interrupt_being_handled
 *fill*         0x2000008c        0x4 
 .data.system__bb__time__pending_alarm
                0x20000090        0x8 /home/emu/Software/gnat/arm-eabi/lib/gnat/ravenscar-sfp-stm32f4/adalib/libgnarl.a(s-bbtime.o)
                0x20000090                system__bb__time__pending_alarm
 .data.system__bb__time__disable_execution_time_hook
                0x20000098        0x4 /home/emu/Software/gnat/arm-eabi/lib/gnat/ravenscar-sfp-stm32f4/adalib/libgnarl.a(s-bbtime.o)
                0x20000098                system__bb__time__disable_execution_time_hook
 .data.system__bb__time__software_clock
                0x2000009c        0x8 /home/emu/Software/gnat/arm-eabi/lib/gnat/ravenscar-sfp-stm32f4/adalib/libgnarl.a(s-bbtime.o)
                0x2000009c                system__bb__time__software_clock
 *fill*         0x200000a4        0x4 
 .data.system__bb__time__max_sleep
                0x200000a8        0x8 /home/emu/Software/gnat/arm-eabi/lib/gnat/ravenscar-sfp-stm32f4/adalib/libgnarl.a(s-bbtime.o)
                0x200000a8                system__bb__time__max_sleep
 .data.system__bb__time__scheduling_event_hook
                0x200000b0        0x4 /home/emu/Software/gnat/arm-eabi/lib/gnat/ravenscar-sfp-stm32f4/adalib/libgnarl.a(s-bbtime.o)
                0x200000b0                system__bb__time__scheduling_event_hook
 .data.system__bb__timing_events__events_table
                0x200000b4        0x4 /home/emu/Software/gnat/arm-eabi/lib/gnat/ravenscar-sfp-stm32f4/adalib/libgnarl.a(s-bbtiev.o)
                0x200000b4                system__bb__timing_events__events_table
                0x200000b8                . = ALIGN (0x4)
                0x200000b8                __data_end = .
                0x0000002e                __data_words = ((__data_end - __data_start) >> 0x2)

.igot.plt       0x200000b8        0x0 load address 0x08009e24
 .igot.plt      0x200000b8        0x0 b__train_demo.o

.bss            0x200000b8     0xf860 load address 0x08009e28
                0x200000b8                . = ALIGN (0x8)
                0x200000b8                __bss_start = .
 *(.bss .bss.*)
 .bss.stm32f4__gpioi_base
                0x200000b8        0x4 /home/emu/Dropbox/TUM/MA/Sandbox/bareboard/ARM/STMicro/STM32/examples/train/obj/stm32f4.o
                0x200000b8                stm32f4__gpioi_base
 .bss.stm32f4__tim3_base
                0x200000bc        0x4 /home/emu/Dropbox/TUM/MA/Sandbox/bareboard/ARM/STMicro/STM32/examples/train/obj/stm32f4.o
                0x200000bc                stm32f4__tim3_base
 .bss.stm32f4__i2s2ext_base
                0x200000c0        0x4 /home/emu/Dropbox/TUM/MA/Sandbox/bareboard/ARM/STMicro/STM32/examples/train/obj/stm32f4.o
                0x200000c0                stm32f4__i2s2ext_base
 .bss.stm32f4__gpiof_base
                0x200000c4        0x4 /home/emu/Dropbox/TUM/MA/Sandbox/bareboard/ARM/STMicro/STM32/examples/train/obj/stm32f4.o
                0x200000c4                stm32f4__gpiof_base
 .bss.stm32f4__wwdg_base
                0x200000c8        0x4 /home/emu/Dropbox/TUM/MA/Sandbox/bareboard/ARM/STMicro/STM32/examples/train/obj/stm32f4.o
                0x200000c8                stm32f4__wwdg_base
 .bss.stm32f4__rtc_base
                0x200000cc        0x4 /home/emu/Dropbox/TUM/MA/Sandbox/bareboard/ARM/STMicro/STM32/examples/train/obj/stm32f4.o
                0x200000cc                stm32f4__rtc_base
 .bss.stm32f4__eth_mmc_base
                0x200000d0        0x4 /home/emu/Dropbox/TUM/MA/Sandbox/bareboard/ARM/STMicro/STM32/examples/train/obj/stm32f4.o
                0x200000d0                stm32f4__eth_mmc_base
 .bss.stm32f4__gpioc_base
                0x200000d4        0x4 /home/emu/Dropbox/TUM/MA/Sandbox/bareboard/ARM/STMicro/STM32/examples/train/obj/stm32f4.o
                0x200000d4                stm32f4__gpioc_base
 .bss.stm32f4__eth_base
                0x200000d8        0x4 /home/emu/Dropbox/TUM/MA/Sandbox/bareboard/ARM/STMicro/STM32/examples/train/obj/stm32f4.o
                0x200000d8                stm32f4__eth_base
 .bss.stm32f4__flash_base
                0x200000dc        0x4 /home/emu/Dropbox/TUM/MA/Sandbox/bareboard/ARM/STMicro/STM32/examples/train/obj/stm32f4.o
                0x200000dc                stm32f4__flash_base
 .bss.stm32f4__tim1_base
                0x200000e0        0x4 /home/emu/Dropbox/TUM/MA/Sandbox/bareboard/ARM/STMicro/STM32/examples/train/obj/stm32f4.o
                0x200000e0                stm32f4__tim1_base
 .bss.stm32f4__sdio_base
                0x200000e4        0x4 /home/emu/Dropbox/TUM/MA/Sandbox/bareboard/ARM/STMicro/STM32/examples/train/obj/stm32f4.o
                0x200000e4                stm32f4__sdio_base
 .bss.stm32f4__tim7_base
                0x200000e8        0x4 /home/emu/Dropbox/TUM/MA/Sandbox/bareboard/ARM/STMicro/STM32/examples/train/obj/stm32f4.o
                0x200000e8                stm32f4__tim7_base
 .bss.stm32f4__i2c2_base
                0x200000ec        0x4 /home/emu/Dropbox/TUM/MA/Sandbox/bareboard/ARM/STMicro/STM32/examples/train/obj/stm32f4.o
                0x200000ec                stm32f4__i2c2_base
 .bss.stm32f4__eth_dma_base
                0x200000f0        0x4 /home/emu/Dropbox/TUM/MA/Sandbox/bareboard/ARM/STMicro/STM32/examples/train/obj/stm32f4.o
                0x200000f0                stm32f4__eth_dma_base
 .bss.stm32f4__gpioj_base
                0x200000f4        0x4 /home/emu/Dropbox/TUM/MA/Sandbox/bareboard/ARM/STMicro/STM32/examples/train/obj/stm32f4.o
                0x200000f4                stm32f4__gpioj_base
 .bss.stm32f4__eth_ptp_base
                0x200000f8        0x4 /home/emu/Dropbox/TUM/MA/Sandbox/bareboard/ARM/STMicro/STM32/examples/train/obj/stm32f4.o
                0x200000f8                stm32f4__eth_ptp_base
 .bss.stm32f4__uart7_base
                0x200000fc        0x4 /home/emu/Dropbox/TUM/MA/Sandbox/bareboard/ARM/STMicro/STM32/examples/train/obj/stm32f4.o
                0x200000fc                stm32f4__uart7_base
 .bss.stm32f4__i2c3_base
                0x20000100        0x4 /home/emu/Dropbox/TUM/MA/Sandbox/bareboard/ARM/STMicro/STM32/examples/train/obj/stm32f4.o
                0x20000100                stm32f4__i2c3_base
 .bss.stm32f4__tim4_base
                0x20000104        0x4 /home/emu/Dropbox/TUM/MA/Sandbox/bareboard/ARM/STMicro/STM32/examples/train/obj/stm32f4.o
                0x20000104                stm32f4__tim4_base
 .bss.stm32f4__uart4_base
                0x20000108        0x4 /home/emu/Dropbox/TUM/MA/Sandbox/bareboard/ARM/STMicro/STM32/examples/train/obj/stm32f4.o
                0x20000108                stm32f4__uart4_base
 .bss.stm32f4__spi4_base
                0x2000010c        0x4 /home/emu/Dropbox/TUM/MA/Sandbox/bareboard/ARM/STMicro/STM32/examples/train/obj/stm32f4.o
                0x2000010c                stm32f4(short, int *, _bas,...)
 .bss.stm32f4__gpiog_base
                0x20000110        0x4 /home/emu/Dropbox/TUM/MA/Sandbox/bareboard/ARM/STMicro/STM32/examples/train/obj/stm32f4.o
                0x20000110                stm32f4__gpiog_base
 .bss.stm32f4__usart1_base
                0x20000114        0x4 /home/emu/Dropbox/TUM/MA/Sandbox/bareboard/ARM/STMicro/STM32/examples/train/obj/stm32f4.o
                0x20000114                stm32f4__usart1_base
 .bss.stm32f4__tim13_base
                0x20000118        0x4 /home/emu/Dropbox/TUM/MA/Sandbox/bareboard/ARM/STMicro/STM32/examples/train/obj/stm32f4.o
                0x20000118                stm32f4__tim13_base
 .bss.stm32f4__dma1_base
                0x2000011c        0x4 /home/emu/Dropbox/TUM/MA/Sandbox/bareboard/ARM/STMicro/STM32/examples/train/obj/stm32f4.o
                0x2000011c                stm32f4__dma1_base
 .bss.stm32f4__ahb1_peripheral_base
                0x20000120        0x4 /home/emu/Dropbox/TUM/MA/Sandbox/bareboard/ARM/STMicro/STM32/examples/train/obj/stm32f4.o
                0x20000120                stm32f4__ahb1_peripheral_base
 .bss.stm32f4__spi1_base
                0x20000124        0x4 /home/emu/Dropbox/TUM/MA/Sandbox/bareboard/ARM/STMicro/STM32/examples/train/obj/stm32f4.o
                0x20000124                stm32f4__spi1_base
 .bss.stm32f4__gpiod_base
                0x20000128        0x4 /home/emu/Dropbox/TUM/MA/Sandbox/bareboard/ARM/STMicro/STM32/examples/train/obj/stm32f4.o
                0x20000128                stm32f4__gpiod_base
 .bss.stm32f4__can1_base
                0x2000012c        0x4 /home/emu/Dropbox/TUM/MA/Sandbox/bareboard/ARM/STMicro/STM32/examples/train/obj/stm32f4.o
                0x2000012c                stm32f4__can1_base
 .bss.stm32f4__tim10_base
                0x20000130        0x4 /home/emu/Dropbox/TUM/MA/Sandbox/bareboard/ARM/STMicro/STM32/examples/train/obj/stm32f4.o
                0x20000130                stm32f4__tim10_base
 .bss.stm32f4__adc2_base
                0x20000134        0x4 /home/emu/Dropbox/TUM/MA/Sandbox/bareboard/ARM/STMicro/STM32/examples/train/obj/stm32f4.o
                0x20000134                stm32f4__adc2_base
 .bss.stm32f4__gpioa_base
                0x20000138        0x4 /home/emu/Dropbox/TUM/MA/Sandbox/bareboard/ARM/STMicro/STM32/examples/train/obj/stm32f4.o
                0x20000138                stm32f4__gpioa_base
 .bss.stm32f4__i2s3ext_base
                0x2000013c        0x4 /home/emu/Dropbox/TUM/MA/Sandbox/bareboard/ARM/STMicro/STM32/examples/train/obj/stm32f4.o
                0x2000013c                stm32f4__i2s3ext_base
 .bss.stm32f4__sai1_base
                0x20000140        0x4 /home/emu/Dropbox/TUM/MA/Sandbox/bareboard/ARM/STMicro/STM32/examples/train/obj/stm32f4.o
                0x20000140                stm32f4__sai1_base
 .bss.stm32f4__ltdc_base
                0x20000144        0x4 /home/emu/Dropbox/TUM/MA/Sandbox/bareboard/ARM/STMicro/STM32/examples/train/obj/stm32f4.o
                0x20000144                stm32f4__ltdc_base
 .bss.stm32f4__spi5_base
                0x20000148        0x4 /home/emu/Dropbox/TUM/MA/Sandbox/bareboard/ARM/STMicro/STM32/examples/train/obj/stm32f4.o
                0x20000148                stm32f4(short, int *, _base)
 .bss.stm32f4__usart2_base
                0x2000014c        0x4 /home/emu/Dropbox/TUM/MA/Sandbox/bareboard/ARM/STMicro/STM32/examples/train/obj/stm32f4.o
                0x2000014c                stm32f4__usart2_base
 .bss.stm32f4__adc1_base
                0x20000150        0x4 /home/emu/Dropbox/TUM/MA/Sandbox/bareboard/ARM/STMicro/STM32/examples/train/obj/stm32f4.o
                0x20000150                stm32f4__adc1_base
 .bss.stm32f4__i2c1_base
                0x20000154        0x4 /home/emu/Dropbox/TUM/MA/Sandbox/bareboard/ARM/STMicro/STM32/examples/train/obj/stm32f4.o
                0x20000154                stm32f4__i2c1_base
 .bss.stm32f4__pwr_base
                0x20000158        0x4 /home/emu/Dropbox/TUM/MA/Sandbox/bareboard/ARM/STMicro/STM32/examples/train/obj/stm32f4.o
                0x20000158                stm32f4__pwr_base
 .bss.stm32f4__uart8_base
                0x2000015c        0x4 /home/emu/Dropbox/TUM/MA/Sandbox/bareboard/ARM/STMicro/STM32/examples/train/obj/stm32f4.o
                0x2000015c                stm32f4__uart8_base
 .bss.stm32f4__spi2_base
                0x20000160        0x4 /home/emu/Dropbox/TUM/MA/Sandbox/bareboard/ARM/STMicro/STM32/examples/train/obj/stm32f4.o
                0x20000160                stm32f4__spi2_base
 .bss.stm32f4__gpiok_base
                0x20000164        0x4 /home/emu/Dropbox/TUM/MA/Sandbox/bareboard/ARM/STMicro/STM32/examples/train/obj/stm32f4.o
                0x20000164                stm32f4__gpiok_base
 .bss.stm32f4__tim14_base
                0x20000168        0x4 /home/emu/Dropbox/TUM/MA/Sandbox/bareboard/ARM/STMicro/STM32/examples/train/obj/stm32f4.o
                0x20000168                stm32f4__tim14_base
 .bss.stm32f4__dma2_base
                0x2000016c        0x4 /home/emu/Dropbox/TUM/MA/Sandbox/bareboard/ARM/STMicro/STM32/examples/train/obj/stm32f4.o
                0x2000016c                stm32f4__dma2_base
 .bss.stm32f4__tim5_base
                0x20000170        0x4 /home/emu/Dropbox/TUM/MA/Sandbox/bareboard/ARM/STMicro/STM32/examples/train/obj/stm32f4.o
                0x20000170                stm32f4__tim5_base
 .bss.stm32f4__uart5_base
                0x20000174        0x4 /home/emu/Dropbox/TUM/MA/Sandbox/bareboard/ARM/STMicro/STM32/examples/train/obj/stm32f4.o
                0x20000174                stm32f4__uart5_base
 .bss.stm32f4__rcc_base
                0x20000178        0x4 /home/emu/Dropbox/TUM/MA/Sandbox/bareboard/ARM/STMicro/STM32/examples/train/obj/stm32f4.o
                0x20000178                stm32f4__rcc_base
 .bss.stm32f4__gpioh_base
                0x2000017c        0x4 /home/emu/Dropbox/TUM/MA/Sandbox/bareboard/ARM/STMicro/STM32/examples/train/obj/stm32f4.o
                0x2000017c                stm32f4__gpioh_base
 .bss.stm32f4__tim8_base
                0x20000180        0x4 /home/emu/Dropbox/TUM/MA/Sandbox/bareboard/ARM/STMicro/STM32/examples/train/obj/stm32f4.o
                0x20000180                stm32f4__tim8_base
 .bss.stm32f4__syscfg_base
                0x20000184        0x4 /home/emu/Dropbox/TUM/MA/Sandbox/bareboard/ARM/STMicro/STM32/examples/train/obj/stm32f4.o
                0x20000184                stm32f4__syscfg_base
 .bss.stm32f4__iwdg_base
                0x20000188        0x4 /home/emu/Dropbox/TUM/MA/Sandbox/bareboard/ARM/STMicro/STM32/examples/train/obj/stm32f4.o
                0x20000188                stm32f4__iwdg_base
 .bss.stm32f4__tim2_base
                0x2000018c        0x4 /home/emu/Dropbox/TUM/MA/Sandbox/bareboard/ARM/STMicro/STM32/examples/train/obj/stm32f4.o
                0x2000018c                stm32f4__tim2_base
 .bss.stm32f4__apb2_peripheral_base
                0x20000190        0x4 /home/emu/Dropbox/TUM/MA/Sandbox/bareboard/ARM/STMicro/STM32/examples/train/obj/stm32f4.o
                0x20000190                stm32f4__apb2_peripheral_base
 .bss.stm32f4__gpioe_base
                0x20000194        0x4 /home/emu/Dropbox/TUM/MA/Sandbox/bareboard/ARM/STMicro/STM32/examples/train/obj/stm32f4.o
                0x20000194                stm32f4__gpioe_base
 .bss.stm32f4__can2_base
                0x20000198        0x4 /home/emu/Dropbox/TUM/MA/Sandbox/bareboard/ARM/STMicro/STM32/examples/train/obj/stm32f4.o
                0x20000198                stm32f4__can2_base
 .bss.stm32f4__tim11_base
                0x2000019c        0x4 /home/emu/Dropbox/TUM/MA/Sandbox/bareboard/ARM/STMicro/STM32/examples/train/obj/stm32f4.o
                0x2000019c                stm32f4__tim11_base
 .bss.stm32f4__adc3_base
                0x200001a0        0x4 /home/emu/Dropbox/TUM/MA/Sandbox/bareboard/ARM/STMicro/STM32/examples/train/obj/stm32f4.o
                0x200001a0                stm32f4__adc3_base
 .bss.stm32f4__gpiob_base
                0x200001a4        0x4 /home/emu/Dropbox/TUM/MA/Sandbox/bareboard/ARM/STMicro/STM32/examples/train/obj/stm32f4.o
                0x200001a4                stm32f4__gpiob_base
 .bss.stm32f4__usart6_base
                0x200001a8        0x4 /home/emu/Dropbox/TUM/MA/Sandbox/bareboard/ARM/STMicro/STM32/examples/train/obj/stm32f4.o
                0x200001a8                stm32f4__usart6_base
 .bss.stm32f4__rng_base
                0x200001ac        0x4 /home/emu/Dropbox/TUM/MA/Sandbox/bareboard/ARM/STMicro/STM32/examples/train/obj/stm32f4.o
                0x200001ac                stm32f4__rng_base
 .bss.stm32f4__exti_base
                0x200001b0        0x4 /home/emu/Dropbox/TUM/MA/Sandbox/bareboard/ARM/STMicro/STM32/examples/train/obj/stm32f4.o
                0x200001b0                stm32f4__exti_base
 .bss.stm32f4__spi6_base
                0x200001b4        0x4 /home/emu/Dropbox/TUM/MA/Sandbox/bareboard/ARM/STMicro/STM32/examples/train/obj/stm32f4.o
                0x200001b4                stm32f4__spi6_base
 .bss.stm32f4__usart3_base
                0x200001b8        0x4 /home/emu/Dropbox/TUM/MA/Sandbox/bareboard/ARM/STMicro/STM32/examples/train/obj/stm32f4.o
                0x200001b8                stm32f4__usart3_base
 .bss.stm32f4__dma2d_base
                0x200001bc        0x4 /home/emu/Dropbox/TUM/MA/Sandbox/bareboard/ARM/STMicro/STM32/examples/train/obj/stm32f4.o
                0x200001bc                stm32f4__dma2d_base
 .bss.stm32f4__tim9_base
                0x200001c0        0x4 /home/emu/Dropbox/TUM/MA/Sandbox/bareboard/ARM/STMicro/STM32/examples/train/obj/stm32f4.o
                0x200001c0                stm32f4__tim9_base
 .bss.stm32f4__adc_base
                0x200001c4        0x4 /home/emu/Dropbox/TUM/MA/Sandbox/bareboard/ARM/STMicro/STM32/examples/train/obj/stm32f4.o
                0x200001c4                stm32f4__adc_base
 .bss.stm32f4__spi3_base
                0x200001c8        0x4 /home/emu/Dropbox/TUM/MA/Sandbox/bareboard/ARM/STMicro/STM32/examples/train/obj/stm32f4.o
                0x200001c8                stm32f4(short, int *, _ba, short,...)
 .bss.stm32f4__ahb2_peripheral_base
                0x200001cc        0x4 /home/emu/Dropbox/TUM/MA/Sandbox/bareboard/ARM/STMicro/STM32/examples/train/obj/stm32f4.o
                0x200001cc                stm32f4__ahb2_peripheral_base
 .bss.stm32f4__tim12_base
                0x200001d0        0x4 /home/emu/Dropbox/TUM/MA/Sandbox/bareboard/ARM/STMicro/STM32/examples/train/obj/stm32f4.o
                0x200001d0                stm32f4__tim12_base
 .bss.stm32f4__tim6_base
                0x200001d4        0x4 /home/emu/Dropbox/TUM/MA/Sandbox/bareboard/ARM/STMicro/STM32/examples/train/obj/stm32f4.o
                0x200001d4                stm32f4__tim6_base
 .bss.stm32f4__eth_mac_base
                0x200001d8        0x4 /home/emu/Dropbox/TUM/MA/Sandbox/bareboard/ARM/STMicro/STM32/examples/train/obj/stm32f4.o
                0x200001d8                stm32f4__eth_mac_base
 .bss.stm32f4__dac_base
                0x200001dc        0x4 /home/emu/Dropbox/TUM/MA/Sandbox/bareboard/ARM/STMicro/STM32/examples/train/obj/stm32f4.o
                0x200001dc                stm32f4__dac_base
 .bss.stm32f4__adc__common
                0x200001e0        0x4 /home/emu/Dropbox/TUM/MA/Sandbox/bareboard/ARM/STMicro/STM32/examples/train/obj/stm32f4-adc.o
                0x200001e0                stm32f4__adc__common
 *fill*         0x200001e4        0x4 
 .bss.stm32f4__adc__adc_stabilization
                0x200001e8        0x8 /home/emu/Dropbox/TUM/MA/Sandbox/bareboard/ARM/STMicro/STM32/examples/train/obj/stm32f4-adc.o
                0x200001e8                stm32f4__adc__adc_stabilization
 .bss.stm32f4__adc__temperature_sensor_stabilization
                0x200001f0        0x8 /home/emu/Dropbox/TUM/MA/Sandbox/bareboard/ARM/STMicro/STM32/examples/train/obj/stm32f4-adc.o
                0x200001f0                stm32f4__adc__temperature_sensor_stabilization
 .bss.stm32f4__exti__exti
                0x200001f8        0x4 /home/emu/Dropbox/TUM/MA/Sandbox/bareboard/ARM/STMicro/STM32/examples/train/obj/stm32f4-exti.o
                0x200001f8                stm32f4__exti__exti
 .bss.stm32f4__rcc__register
                0x200001fc        0x4 /home/emu/Dropbox/TUM/MA/Sandbox/bareboard/ARM/STMicro/STM32/examples/train/obj/stm32f4-rcc.o
                0x200001fc                stm32f4__rcc__register
 .bss.stm32f4__ili9341__chip_select
                0x20000200        0x8 /home/emu/Dropbox/TUM/MA/Sandbox/bareboard/ARM/STMicro/STM32/examples/train/obj/stm32f4-ili9341.o
                0x20000200                stm32f4__ili9341__chip_select
 .bss.stm32f4__ili9341__reset
                0x20000208        0x8 /home/emu/Dropbox/TUM/MA/Sandbox/bareboard/ARM/STMicro/STM32/examples/train/obj/stm32f4-ili9341.o
                0x20000208                stm32f4__ili9341__reset
 .bss.stm32f4__ili9341__wrx
                0x20000210        0x8 /home/emu/Dropbox/TUM/MA/Sandbox/bareboard/ARM/STMicro/STM32/examples/train/obj/stm32f4-ili9341.o
                0x20000210                stm32f4__ili9341(wchar_t, long double, long long)
 .bss.stm32f4__syscfg__syscfg
                0x20000218        0x4 /home/emu/Dropbox/TUM/MA/Sandbox/bareboard/ARM/STMicro/STM32/examples/train/obj/stm32f4-syscfg.o
                0x20000218                stm32f4__syscfg__syscfg
 .bss.stm32f42xxx__vbat